Archive member included to satisfy reference by file (symbol)

C:/ST/STM32CubeIDE_1.12.1/STM32CubeIDE/plugins/com.st.stm32cube.ide.mcu.externaltools.gnu-tools-for-stm32.12.3.rel1.win32_1.0.100.202403111256/tools/bin/../lib/gcc/arm-none-eabi/12.3.1/../../../../arm-none-eabi/lib/thumb/v7e-m+fp/hard\libc_nano.a(libc_a-exit.o)
                              C:/ST/STM32CubeIDE_1.12.1/STM32CubeIDE/plugins/com.st.stm32cube.ide.mcu.externaltools.gnu-tools-for-stm32.12.3.rel1.win32_1.0.100.202403111256/tools/bin/../lib/gcc/arm-none-eabi/12.3.1/../../../../arm-none-eabi/lib/thumb/v7e-m+fp/hard/crt0.o (exit)
C:/ST/STM32CubeIDE_1.12.1/STM32CubeIDE/plugins/com.st.stm32cube.ide.mcu.externaltools.gnu-tools-for-stm32.12.3.rel1.win32_1.0.100.202403111256/tools/bin/../lib/gcc/arm-none-eabi/12.3.1/../../../../arm-none-eabi/lib/thumb/v7e-m+fp/hard\libc_nano.a(libc_a-findfp.o)
                              C:/ST/STM32CubeIDE_1.12.1/STM32CubeIDE/plugins/com.st.stm32cube.ide.mcu.externaltools.gnu-tools-for-stm32.12.3.rel1.win32_1.0.100.202403111256/tools/bin/../lib/gcc/arm-none-eabi/12.3.1/../../../../arm-none-eabi/lib/thumb/v7e-m+fp/hard\libc_nano.a(libc_a-exit.o) (__stdio_exit_handler)
C:/ST/STM32CubeIDE_1.12.1/STM32CubeIDE/plugins/com.st.stm32cube.ide.mcu.externaltools.gnu-tools-for-stm32.12.3.rel1.win32_1.0.100.202403111256/tools/bin/../lib/gcc/arm-none-eabi/12.3.1/../../../../arm-none-eabi/lib/thumb/v7e-m+fp/hard\libc_nano.a(libc_a-fwalk.o)
                              C:/ST/STM32CubeIDE_1.12.1/STM32CubeIDE/plugins/com.st.stm32cube.ide.mcu.externaltools.gnu-tools-for-stm32.12.3.rel1.win32_1.0.100.202403111256/tools/bin/../lib/gcc/arm-none-eabi/12.3.1/../../../../arm-none-eabi/lib/thumb/v7e-m+fp/hard\libc_nano.a(libc_a-findfp.o) (_fwalk_sglue)
C:/ST/STM32CubeIDE_1.12.1/STM32CubeIDE/plugins/com.st.stm32cube.ide.mcu.externaltools.gnu-tools-for-stm32.12.3.rel1.win32_1.0.100.202403111256/tools/bin/../lib/gcc/arm-none-eabi/12.3.1/../../../../arm-none-eabi/lib/thumb/v7e-m+fp/hard\libc_nano.a(libc_a-stdio.o)
                              C:/ST/STM32CubeIDE_1.12.1/STM32CubeIDE/plugins/com.st.stm32cube.ide.mcu.externaltools.gnu-tools-for-stm32.12.3.rel1.win32_1.0.100.202403111256/tools/bin/../lib/gcc/arm-none-eabi/12.3.1/../../../../arm-none-eabi/lib/thumb/v7e-m+fp/hard\libc_nano.a(libc_a-findfp.o) (__sread)
C:/ST/STM32CubeIDE_1.12.1/STM32CubeIDE/plugins/com.st.stm32cube.ide.mcu.externaltools.gnu-tools-for-stm32.12.3.rel1.win32_1.0.100.202403111256/tools/bin/../lib/gcc/arm-none-eabi/12.3.1/../../../../arm-none-eabi/lib/thumb/v7e-m+fp/hard\libc_nano.a(libc_a-memset.o)
                              C:/ST/STM32CubeIDE_1.12.1/STM32CubeIDE/plugins/com.st.stm32cube.ide.mcu.externaltools.gnu-tools-for-stm32.12.3.rel1.win32_1.0.100.202403111256/tools/bin/../lib/gcc/arm-none-eabi/12.3.1/../../../../arm-none-eabi/lib/thumb/v7e-m+fp/hard/crt0.o (memset)
C:/ST/STM32CubeIDE_1.12.1/STM32CubeIDE/plugins/com.st.stm32cube.ide.mcu.externaltools.gnu-tools-for-stm32.12.3.rel1.win32_1.0.100.202403111256/tools/bin/../lib/gcc/arm-none-eabi/12.3.1/../../../../arm-none-eabi/lib/thumb/v7e-m+fp/hard\libc_nano.a(libc_a-closer.o)
                              C:/ST/STM32CubeIDE_1.12.1/STM32CubeIDE/plugins/com.st.stm32cube.ide.mcu.externaltools.gnu-tools-for-stm32.12.3.rel1.win32_1.0.100.202403111256/tools/bin/../lib/gcc/arm-none-eabi/12.3.1/../../../../arm-none-eabi/lib/thumb/v7e-m+fp/hard\libc_nano.a(libc_a-stdio.o) (_close_r)
C:/ST/STM32CubeIDE_1.12.1/STM32CubeIDE/plugins/com.st.stm32cube.ide.mcu.externaltools.gnu-tools-for-stm32.12.3.rel1.win32_1.0.100.202403111256/tools/bin/../lib/gcc/arm-none-eabi/12.3.1/../../../../arm-none-eabi/lib/thumb/v7e-m+fp/hard\libc_nano.a(libc_a-reent.o)
                              C:/ST/STM32CubeIDE_1.12.1/STM32CubeIDE/plugins/com.st.stm32cube.ide.mcu.externaltools.gnu-tools-for-stm32.12.3.rel1.win32_1.0.100.202403111256/tools/bin/../lib/gcc/arm-none-eabi/12.3.1/../../../../arm-none-eabi/lib/thumb/v7e-m+fp/hard\libc_nano.a(libc_a-closer.o) (errno)
C:/ST/STM32CubeIDE_1.12.1/STM32CubeIDE/plugins/com.st.stm32cube.ide.mcu.externaltools.gnu-tools-for-stm32.12.3.rel1.win32_1.0.100.202403111256/tools/bin/../lib/gcc/arm-none-eabi/12.3.1/../../../../arm-none-eabi/lib/thumb/v7e-m+fp/hard\libc_nano.a(libc_a-impure.o)
                              C:/ST/STM32CubeIDE_1.12.1/STM32CubeIDE/plugins/com.st.stm32cube.ide.mcu.externaltools.gnu-tools-for-stm32.12.3.rel1.win32_1.0.100.202403111256/tools/bin/../lib/gcc/arm-none-eabi/12.3.1/../../../../arm-none-eabi/lib/thumb/v7e-m+fp/hard\libc_nano.a(libc_a-reent.o) (_impure_ptr)
C:/ST/STM32CubeIDE_1.12.1/STM32CubeIDE/plugins/com.st.stm32cube.ide.mcu.externaltools.gnu-tools-for-stm32.12.3.rel1.win32_1.0.100.202403111256/tools/bin/../lib/gcc/arm-none-eabi/12.3.1/../../../../arm-none-eabi/lib/thumb/v7e-m+fp/hard\libc_nano.a(libc_a-lseekr.o)
[...]
Memory Configuration

Name             Origin             Length             Attributes
RAM              0x20000000         0x00050000         xrw
FLASH            0x08000000         0x00100000         xr
*default*        0x00000000         0xffffffff

Linker script and memory map

LOAD C:/ST/STM32CubeIDE_1.12.1/STM32CubeIDE/plugins/com.st.stm32cube.ide.mcu.externaltools.gnu-tools-for-stm32.12.3.rel1.win32_1.0.100.202403111256/tools/bin/../lib/gcc/arm-none-eabi/12.3.1/thumb/v7e-m+fp/hard/crti.o
LOAD C:/ST/STM32CubeIDE_1.12.1/STM32CubeIDE/plugins/com.st.stm32cube.ide.mcu.externaltools.gnu-tools-for-stm32.12.3.rel1.win32_1.0.100.202403111256/tools/bin/../lib/gcc/arm-none-eabi/12.3.1/thumb/v7e-m+fp/hard/crtbegin.o
LOAD C:/ST/STM32CubeIDE_1.12.1/STM32CubeIDE/plugins/com.st.stm32cube.ide.mcu.externaltools.gnu-tools-for-stm32.12.3.rel1.win32_1.0.100.202403111256/tools/bin/../lib/gcc/arm-none-eabi/12.3.1/../../../../arm-none-eabi/lib/thumb/v7e-m+fp/hard/crt0.o
LOAD ./Core/Src/SpiDevice.o
LOAD ./Core/Src/Timer.o
LOAD ./Core/Src/main.o
LOAD ./Core/Src/stm32f4xx_hal_msp.o
LOAD ./Core/Src/stm32f4xx_it.o
LOAD ./Core/Src/syscalls.o
LOAD ./Core/Src/sysmem.o
LOAD ./Core/Src/system_stm32f4xx.o
LOAD ./Core/Startup/startup_stm32f413rgtx.o
LOAD ./Drivers/STM32F4xx_HAL_Driver/Src/stm32f4xx_hal.o
LOAD ./Drivers/STM32F4xx_HAL_Driver/Src/stm32f4xx_hal_cortex.o
LOAD ./Drivers/STM32F4xx_HAL_Driver/Src/stm32f4xx_hal_dma.o
LOAD ./Drivers/STM32F4xx_HAL_Driver/Src/stm32f4xx_hal_dma_ex.o
LOAD ./Drivers/STM32F4xx_HAL_Driver/Src/stm32f4xx_hal_exti.o
LOAD ./Drivers/STM32F4xx_HAL_Driver/Src/stm32f4xx_hal_flash.o
LOAD ./Drivers/STM32F4xx_HAL_Driver/Src/stm32f4xx_hal_flash_ex.o
LOAD ./Drivers/STM32F4xx_HAL_Driver/Src/stm32f4xx_hal_flash_ramfunc.o
LOAD ./Drivers/STM32F4xx_HAL_Driver/Src/stm32f4xx_hal_gpio.o
LOAD ./Drivers/STM32F4xx_HAL_Driver/Src/stm32f4xx_hal_pwr.o
LOAD ./Drivers/STM32F4xx_HAL_Driver/Src/stm32f4xx_hal_pwr_ex.o
LOAD ./Drivers/STM32F4xx_HAL_Driver/Src/stm32f4xx_hal_rcc.o
LOAD ./Drivers/STM32F4xx_HAL_Driver/Src/stm32f4xx_hal_rcc_ex.o
LOAD ./Drivers/STM32F4xx_HAL_Driver/Src/stm32f4xx_hal_spi.o
LOAD ./Drivers/STM32F4xx_HAL_Driver/Src/stm32f4xx_hal_tim.o
LOAD ./Drivers/STM32F4xx_HAL_Driver/Src/stm32f4xx_hal_tim_ex.o
LOAD ./Drivers/STM32F4xx_HAL_Driver/Src/stm32f4xx_hal_uart.o
START GROUP
LOAD C:/ST/STM32CubeIDE_1.12.1/STM32CubeIDE/plugins/com.st.stm32cube.ide.mcu.externaltools.gnu-tools-for-stm32.12.3.rel1.win32_1.0.100.202403111256/tools/bin/../lib/gcc/arm-none-eabi/12.3.1/../../../../arm-none-eabi/lib/thumb/v7e-m+fp/hard\libstdc++_nano.a
LOAD C:/ST/STM32CubeIDE_1.12.1/STM32CubeIDE/plugins/com.st.stm32cube.ide.mcu.externaltools.gnu-tools-for-stm32.12.3.rel1.win32_1.0.100.202403111256/tools/bin/../lib/gcc/arm-none-eabi/12.3.1/../../../../arm-none-eabi/lib/thumb/v7e-m+fp/hard\libsupc++_nano.a
END GROUP
LOAD C:/ST/STM32CubeIDE_1.12.1/STM32CubeIDE/plugins/com.st.stm32cube.ide.mcu.externaltools.gnu-tools-for-stm32.12.3.rel1.win32_1.0.100.202403111256/tools/bin/../lib/gcc/arm-none-eabi/12.3.1/../../../../arm-none-eabi/lib/thumb/v7e-m+fp/hard\libstdc++_nano.a
LOAD C:/ST/STM32CubeIDE_1.12.1/STM32CubeIDE/plugins/com.st.stm32cube.ide.mcu.externaltools.gnu-tools-for-stm32.12.3.rel1.win32_1.0.100.202403111256/tools/bin/../lib/gcc/arm-none-eabi/12.3.1/../../../../arm-none-eabi/lib/thumb/v7e-m+fp/hard\libm.a
LOAD C:/ST/STM32CubeIDE_1.12.1/STM32CubeIDE/plugins/com.st.stm32cube.ide.mcu.externaltools.gnu-tools-for-stm32.12.3.rel1.win32_1.0.100.202403111256/tools/bin/../lib/gcc/arm-none-eabi/12.3.1/../../../../arm-none-eabi/lib/thumb/v7e-m+fp/hard\libc_nano.a
START GROUP
LOAD C:/ST/STM32CubeIDE_1.12.1/STM32CubeIDE/plugins/com.st.stm32cube.ide.mcu.externaltools.gnu-tools-for-stm32.12.3.rel1.win32_1.0.100.202403111256/tools/bin/../lib/gcc/arm-none-eabi/12.3.1/thumb/v7e-m+fp/hard\libgcc.a
LOAD C:/ST/STM32CubeIDE_1.12.1/STM32CubeIDE/plugins/com.st.stm32cube.ide.mcu.externaltools.gnu-tools-for-stm32.12.3.rel1.win32_1.0.100.202403111256/tools/bin/../lib/gcc/arm-none-eabi/12.3.1/../../../../arm-none-eabi/lib/thumb/v7e-m+fp/hard\libc_nano.a
END GROUP
START GROUP
LOAD C:/ST/STM32CubeIDE_1.12.1/STM32CubeIDE/plugins/com.st.stm32cube.ide.mcu.externaltools.gnu-tools-for-stm32.12.3.rel1.win32_1.0.100.202403111256/tools/bin/../lib/gcc/arm-none-eabi/12.3.1/thumb/v7e-m+fp/hard\libgcc.a
LOAD C:/ST/STM32CubeIDE_1.12.1/STM32CubeIDE/plugins/com.st.stm32cube.ide.mcu.externaltools.gnu-tools-for-stm32.12.3.rel1.win32_1.0.100.202403111256/tools/bin/../lib/gcc/arm-none-eabi/12.3.1/../../../../arm-none-eabi/lib/thumb/v7e-m+fp/hard\libc_nano.a
LOAD C:/ST/STM32CubeIDE_1.12.1/STM32CubeIDE/plugins/com.st.stm32cube.ide.mcu.externaltools.gnu-tools-for-stm32.12.3.rel1.win32_1.0.100.202403111256/tools/bin/../lib/gcc/arm-none-eabi/12.3.1/../../../../arm-none-eabi/lib/thumb/v7e-m+fp/hard\libnosys.a
END GROUP
START GROUP
LOAD C:/ST/STM32CubeIDE_1.12.1/STM32CubeIDE/plugins/com.st.stm32cube.ide.mcu.externaltools.gnu-tools-for-stm32.12.3.rel1.win32_1.0.100.202403111256/tools/bin/../lib/gcc/arm-none-eabi/12.3.1/thumb/v7e-m+fp/hard\libgcc.a
LOAD C:/ST/STM32CubeIDE_1.12.1/STM32CubeIDE/plugins/com.st.stm32cube.ide.mcu.externaltools.gnu-tools-for-stm32.12.3.rel1.win32_1.0.100.202403111256/tools/bin/../lib/gcc/arm-none-eabi/12.3.1/../../../../arm-none-eabi/lib/thumb/v7e-m+fp/hard\libc_nano.a
LOAD C:/ST/STM32CubeIDE_1.12.1/STM32CubeIDE/plugins/com.st.stm32cube.ide.mcu.externaltools.gnu-tools-for-stm32.12.3.rel1.win32_1.0.100.202403111256/tools/bin/../lib/gcc/arm-none-eabi/12.3.1/../../../../arm-none-eabi/lib/thumb/v7e-m+fp/hard\libnosys.a
END GROUP
LOAD C:/ST/STM32CubeIDE_1.12.1/STM32CubeIDE/plugins/com.st.stm32cube.ide.mcu.externaltools.gnu-tools-for-stm32.12.3.rel1.win32_1.0.100.202403111256/tools/bin/../lib/gcc/arm-none-eabi/12.3.1/thumb/v7e-m+fp/hard/crtend.o
LOAD C:/ST/STM32CubeIDE_1.12.1/STM32CubeIDE/plugins/com.st.stm32cube.ide.mcu.externaltools.gnu-tools-for-stm32.12.3.rel1.win32_1.0.100.202403111256/tools/bin/../lib/gcc/arm-none-eabi/12.3.1/thumb/v7e-m+fp/hard/crtn.o
                0x20050000                        _estack = (ORIGIN (RAM) + LENGTH (RAM))
                0x00000200                        _Min_Heap_Size = 0x200
                0x00000400                        _Min_Stack_Size = 0x400

.isr_vector     0x08000000      0x1d8
                0x08000000                        . = ALIGN (0x4)
 *(.isr_vector)
 .isr_vector    0x08000000      0x1d8 ./Core/Startup/startup_stm32f413rgtx.o
                0x08000000                g_pfnVectors
                0x080001d8                        . = ALIGN (0x4)

.text           0x080001d8     0x55e0
                0x080001d8                        . = ALIGN (0x4)
 *(.text)
 .text          0x080001d8       0x40 C:/ST/STM32CubeIDE_1.12.1/STM32CubeIDE/plugins/com.st.stm32cube.ide.mcu.externaltools.gnu-tools-for-stm32.12.3.rel1.win32_1.0.100.202403111256/tools/bin/../lib/gcc/arm-none-eabi/12.3.1/thumb/v7e-m+fp/hard/crtbegin.o
 .text          0x08000218       0x30 C:/ST/STM32CubeIDE_1.12.1/STM32CubeIDE/plugins/com.st.stm32cube.ide.mcu.externaltools.gnu-tools-for-stm32.12.3.rel1.win32_1.0.100.202403111256/tools/bin/../lib/gcc/arm-none-eabi/12.3.1/thumb/v7e-m+fp/hard\libgcc.a(_aeabi_uldivmod.o)
                0x08000218                __aeabi_uldivmod
 .text          0x08000248      0x2bc C:/ST/STM32CubeIDE_1.12.1/STM32CubeIDE/plugins/com.st.stm32cube.ide.mcu.externaltools.gnu-tools-for-stm32.12.3.rel1.win32_1.0.100.202403111256/tools/bin/../lib/gcc/arm-none-eabi/12.3.1/thumb/v7e-m+fp/hard\libgcc.a(_udivmoddi4.o)
                0x08000248                __udivmoddi4
 .text          0x08000504        0x4 C:/ST/STM32CubeIDE_1.12.1/STM32CubeIDE/plugins/com.st.stm32cube.ide.mcu.externaltools.gnu-tools-for-stm32.12.3.rel1.win32_1.0.100.202403111256/tools/bin/../lib/gcc/arm-none-eabi/12.3.1/thumb/v7e-m+fp/hard\libgcc.a(_dvmd_tls.o)
                0x08000504                __aeabi_idiv0
                0x08000504                __aeabi_ldiv0
 *(.text*)
 .text._ZN9SpiDeviceC2Ev
                0x08000508       0xe8 ./Core/Src/SpiDevice.o
                0x08000508                SpiDevice::SpiDevice()
                0x08000508                SpiDevice::SpiDevice()
 .text._ZN9SpiDevice5setCSEP12GPIO_TypeDefh
                0x080005f0       0x28 ./Core/Src/SpiDevice.o
                0x080005f0                SpiDevice::setCS(GPIO_TypeDef*, unsigned char)
 .text._ZN9SpiDevice12getTxBuffPtrEh
                0x08000618       0x22 ./Core/Src/SpiDevice.o
                0x08000618                SpiDevice::getTxBuffPtr(unsigned char)
 .text._ZN9SpiDevice12getRxBuffPtrEh
                0x0800063a       0x24 ./Core/Src/SpiDevice.o
                0x0800063a                SpiDevice::getRxBuffPtr(unsigned char)
 .text._ZN9SpiDevice9setTxBuffEPhh
                0x0800065e       0x46 ./Core/Src/SpiDevice.o
                0x0800065e                SpiDevice::setTxBuff(unsigned char*, unsigned char)
 .text._ZN9SpiDevice13setTxBuffDataEPhh
                0x080006a4       0x48 ./Core/Src/SpiDevice.o
                0x080006a4                SpiDevice::setTxBuffData(unsigned char*, unsigned char)
 .text._ZN9SpiDevice16getUartTxBuffPtrEh
                0x080006ec       0x24 ./Core/Src/SpiDevice.o
                0x080006ec                SpiDevice::getUartTxBuffPtr(unsigned char)
 .text._ZN9SpiDevice13setUartTxBuffEhh
                0x08000710       0xc6 ./Core/Src/SpiDevice.o
                0x08000710                SpiDevice::setUartTxBuff(unsigned char, unsigned char)
 .text._ZN9SpiDevice19isUartRxBuffChangedEPh
                0x080007d6       0x5c ./Core/Src/SpiDevice.o
                0x080007d6                SpiDevice::isUartRxBuffChanged(unsigned char*)
 .text._ZN9SpiDevice6selectEv
                0x08000832       0x32 ./Core/Src/SpiDevice.o
                0x08000832                SpiDevice::select()
 .text._ZN9SpiDevice8deselectEv
                0x08000864       0x30 ./Core/Src/SpiDevice.o
                0x08000864                SpiDevice::deselect()
 .text._ZN9SpiDevice19calculateTxChecksumEh
                0x08000894       0x7a ./Core/Src/SpiDevice.o
                0x08000894                SpiDevice::calculateTxChecksum(unsigned char)
 .text._ZN9SpiDevice16verifyRxChecksumEh
                0x0800090e       0x60 ./Core/Src/SpiDevice.o
                0x0800090e                SpiDevice::verifyRxChecksum(unsigned char)
 .text._ZN9SpiDevice15isRxBuffChangedEh
                0x0800096e       0x76 ./Core/Src/SpiDevice.o
                0x0800096e                SpiDevice::isRxBuffChanged(unsigned char)
 .text._ZN9SpiDevice21getCurrentDeviceIndexEv
                0x080009e4       0x18 ./Core/Src/SpiDevice.o
                0x080009e4                SpiDevice::getCurrentDeviceIndex()
 .text._ZN9SpiDevice21setCurrentDeviceIndexEh
                0x080009fc       0x20 ./Core/Src/SpiDevice.o
                0x080009fc                SpiDevice::setCurrentDeviceIndex(unsigned char)
 .text._ZN9SpiDevice26increaseCurrentDeviceIndexEv
                0x08000a1c       0x20 ./Core/Src/SpiDevice.o
                0x08000a1c                SpiDevice::increaseCurrentDeviceIndex()
 .text._ZN9SpiDevice14setRxBuffStateEhh
                0x08000a3c       0x28 ./Core/Src/SpiDevice.o
                0x08000a3c                SpiDevice::setRxBuffState(unsigned char, unsigned char)
 .text._ZN9SpiDevice14setTxBuffStateEhh
                0x08000a64       0x28 ./Core/Src/SpiDevice.o
                0x08000a64                SpiDevice::setTxBuffState(unsigned char, unsigned char)
 .text._ZN9SpiDevice15getNumOfDevicesEv
                0x08000a8c       0x18 ./Core/Src/SpiDevice.o
                0x08000a8c                SpiDevice::getNumOfDevices()
 .text._ZN9SpiDevice16isUartSendNeededEv
                0x08000aa4       0x1a ./Core/Src/SpiDevice.o
                0x08000aa4                SpiDevice::isUartSendNeeded()
 .text._ZN9SpiDevice17setUartSendNeededEh
                0x08000abe       0x20 ./Core/Src/SpiDevice.o
                0x08000abe                SpiDevice::setUartSendNeeded(unsigned char)
 .text._ZN9SpiDevice7setTypeE10DeviceType
                0x08000ade       0x20 ./Core/Src/SpiDevice.o
                0x08000ade                SpiDevice::setType(DeviceType)
 .text._ZN5TimerC2Em
                0x08000afe       0x30 ./Core/Src/Timer.o
                0x08000afe                Timer::Timer(unsigned long)
                0x08000afe                Timer::Timer(unsigned long)
 *fill*         0x08000b2e        0x2 
 .text._ZN5Timer5startEv
                0x08000b30       0x28 ./Core/Src/Timer.o
                0x08000b30                Timer::start()
 .text._ZN5Timer4stopEv
                0x08000b58       0x1a ./Core/Src/Timer.o
                0x08000b58                Timer::stop()
 *fill*         0x08000b72        0x2 
 .text._ZN5Timer5resetEv
                0x08000b74       0x20 ./Core/Src/Timer.o
                0x08000b74                Timer::reset()
 .text._ZN5Timer7isEventEv
                0x08000b94       0x68 ./Core/Src/Timer.o
                0x08000b94                Timer::isEvent()
 .text._ZN5Timer4isOnEv
                0x08000bfc       0x18 ./Core/Src/Timer.o
                0x08000bfc                Timer::isOn()
 .text._Z13spiDeviceInitv
                0x08000c14      0x114 ./Core/Src/main.o
                0x08000c14                spiDeviceInit()
 .text._Z7spiTxRxv
                0x08000d28      0x174 ./Core/Src/main.o
                0x08000d28                spiTxRx()
 .text.HAL_SPI_TxRxCpltCallback
                0x08000e9c       0x20 ./Core/Src/main.o
                0x08000e9c                HAL_SPI_TxRxCpltCallback
 .text.HAL_SPI_ErrorCallback
                0x08000ebc       0x14 ./Core/Src/main.o
                0x08000ebc                HAL_SPI_ErrorCallback
 .text._Z16processSpiRxDatav
                0x08000ed0      0x138 ./Core/Src/main.o
                0x08000ed0                processSpiRxData()
 .text.HAL_IncTick
                0x08001008       0x34 ./Core/Src/main.o
                0x08001008                HAL_IncTick
 .text._Z6uartTxv
                0x0800103c      0x100 ./Core/Src/main.o
                0x0800103c                uartTx()
 .text.HAL_UART_TxCpltCallback
                0x0800113c       0x28 ./Core/Src/main.o
                0x0800113c                HAL_UART_TxCpltCallback
 .text._Z6uartRxv
                0x08001164       0x70 ./Core/Src/main.o
                0x08001164                uartRx()
 .text.HAL_UART_RxCpltCallback
                0x080011d4       0x24 ./Core/Src/main.o
                0x080011d4                HAL_UART_RxCpltCallback
 .text._Z16uartRxTimElapsedv
                0x080011f8       0x80 ./Core/Src/main.o
                0x080011f8                uartRxTimElapsed()
 .text.HAL_UART_ErrorCallback
                0x08001278       0x7c ./Core/Src/main.o
                0x08001278                HAL_UART_ErrorCallback
 .text._Z17processUartRxBuffv
                0x080012f4      0x178 ./Core/Src/main.o
                0x080012f4                processUartRxBuff()
 .text.main     0x0800146c       0x64 ./Core/Src/main.o
                0x0800146c                main
 .text._Z18SystemClock_Configv
                0x080014d0       0xec ./Core/Src/main.o
                0x080014d0                SystemClock_Config()
 .text._ZL12MX_SPI1_Initv
                0x080015bc       0x78 ./Core/Src/main.o
 .text._ZL12MX_TIM6_Initv
                0x08001634       0x80 ./Core/Src/main.o
 .text._ZL13MX_UART5_Initv
                0x080016b4       0x5c ./Core/Src/main.o
 .text._ZL11MX_DMA_Initv
                0x08001710       0x8c ./Core/Src/main.o
 .text._ZL12MX_GPIO_Initv
                0x0800179c      0x180 ./Core/Src/main.o
 .text.Error_Handler
                0x0800191c        0xc ./Core/Src/main.o
                0x0800191c                Error_Handler
 .text._Z41__static_initialization_and_destruction_0ii
                0x08001928       0x70 ./Core/Src/main.o
 .text._GLOBAL__sub_I_hspi1
                0x08001998       0x10 ./Core/Src/main.o
 .text.HAL_MspInit
                0x080019a8       0x50 ./Core/Src/stm32f4xx_hal_msp.o
                0x080019a8                HAL_MspInit
 .text.HAL_SPI_MspInit
                0x080019f8      0x168 ./Core/Src/stm32f4xx_hal_msp.o
                0x080019f8                HAL_SPI_MspInit
 .text.HAL_TIM_Base_MspInit
                0x08001b60       0x50 ./Core/Src/stm32f4xx_hal_msp.o
                0x08001b60                HAL_TIM_Base_MspInit
 .text.HAL_UART_MspInit
                0x08001bb0      0x16c ./Core/Src/stm32f4xx_hal_msp.o
                0x08001bb0                HAL_UART_MspInit
 .text.NMI_Handler
                0x08001d1c        0xc ./Core/Src/stm32f4xx_it.o
                0x08001d1c                NMI_Handler
 .text.HardFault_Handler
                0x08001d28        0x8 ./Core/Src/stm32f4xx_it.o
                0x08001d28                HardFault_Handler
 .text.MemManage_Handler
                0x08001d30        0x8 ./Core/Src/stm32f4xx_it.o
                0x08001d30                MemManage_Handler
 .text.BusFault_Handler
                0x08001d38        0x8 ./Core/Src/stm32f4xx_it.o
                0x08001d38                BusFault_Handler
 .text.UsageFault_Handler
                0x08001d40        0x8 ./Core/Src/stm32f4xx_it.o
                0x08001d40                UsageFault_Handler
 .text.SVC_Handler
                0x08001d48        0xe ./Core/Src/stm32f4xx_it.o
                0x08001d48                SVC_Handler
 .text.DebugMon_Handler
                0x08001d56        0xe ./Core/Src/stm32f4xx_it.o
                0x08001d56                DebugMon_Handler
 .text.PendSV_Handler
                0x08001d64        0xe ./Core/Src/stm32f4xx_it.o
                0x08001d64                PendSV_Handler
 .text.SysTick_Handler
                0x08001d72        0xc ./Core/Src/stm32f4xx_it.o
                0x08001d72                SysTick_Handler
 *fill*         0x08001d7e        0x2 
 .text.DMA1_Stream0_IRQHandler
                0x08001d80       0x14 ./Core/Src/stm32f4xx_it.o
                0x08001d80                DMA1_Stream0_IRQHandler
 .text.SPI1_IRQHandler
                0x08001d94       0x14 ./Core/Src/stm32f4xx_it.o
                0x08001d94                SPI1_IRQHandler
 .text.DMA1_Stream7_IRQHandler
                0x08001da8       0x14 ./Core/Src/stm32f4xx_it.o
                0x08001da8                DMA1_Stream7_IRQHandler
 .text.UART5_IRQHandler
                0x08001dbc       0x14 ./Core/Src/stm32f4xx_it.o
                0x08001dbc                UART5_IRQHandler
 .text.TIM6_DAC_IRQHandler
                0x08001dd0       0x14 ./Core/Src/stm32f4xx_it.o
                0x08001dd0                TIM6_DAC_IRQHandler
 .text.DMA2_Stream0_IRQHandler
                0x08001de4       0x14 ./Core/Src/stm32f4xx_it.o
                0x08001de4                DMA2_Stream0_IRQHandler
 .text.DMA2_Stream2_IRQHandler
                0x08001df8       0x14 ./Core/Src/stm32f4xx_it.o
                0x08001df8                DMA2_Stream2_IRQHandler
 .text.SystemInit
                0x08001e0c       0x24 ./Core/Src/system_stm32f4xx.o
                0x08001e0c                SystemInit
 .text.Reset_Handler
                0x08001e30       0x50 ./Core/Startup/startup_stm32f413rgtx.o
                0x08001e30                Reset_Handler
 .text.Default_Handler
                0x08001e80        0x2 ./Core/Startup/startup_stm32f413rgtx.o
                0x08001e80                RTC_Alarm_IRQHandler
                0x08001e80                EXTI2_IRQHandler
                0x08001e80                TIM8_CC_IRQHandler
                0x08001e80                UART8_IRQHandler
                0x08001e80                FMPI2C1_EV_IRQHandler
                0x08001e80                SPI4_IRQHandler
                0x08001e80                TIM1_CC_IRQHandler
                0x08001e80                DMA2_Stream5_IRQHandler
                0x08001e80                DMA1_Stream5_IRQHandler
                0x08001e80                CAN3_RX1_IRQHandler
                0x08001e80                PVD_IRQHandler
                0x08001e80                SDIO_IRQHandler
                0x08001e80                TAMP_STAMP_IRQHandler
                0x08001e80                CAN2_RX1_IRQHandler
                0x08001e80                EXTI3_IRQHandler
                0x08001e80                TIM8_TRG_COM_TIM14_IRQHandler
                0x08001e80                DFSDM1_FLT1_IRQHandler
                0x08001e80                TIM1_UP_TIM10_IRQHandler
                0x08001e80                TIM8_UP_TIM13_IRQHandler
                0x08001e80                I2C3_ER_IRQHandler
                0x08001e80                EXTI0_IRQHandler
                0x08001e80                I2C2_EV_IRQHandler
                0x08001e80                DMA1_Stream2_IRQHandler
                0x08001e80                CAN1_RX0_IRQHandler
                0x08001e80                FPU_IRQHandler
                0x08001e80                CAN3_SCE_IRQHandler
                0x08001e80                CAN2_SCE_IRQHandler
                0x08001e80                TIM1_BRK_TIM9_IRQHandler
                0x08001e80                CAN2_RX0_IRQHandler
                0x08001e80                DMA2_Stream3_IRQHandler
                0x08001e80                USART6_IRQHandler
                0x08001e80                CAN3_RX0_IRQHandler
                0x08001e80                USART3_IRQHandler
                0x08001e80                DFSDM2_FLT3_IRQHandler
                0x08001e80                CAN1_RX1_IRQHandler
                0x08001e80                TIM4_IRQHandler
                0x08001e80                QUADSPI_IRQHandler
                0x08001e80                I2C1_EV_IRQHandler
                0x08001e80                DMA1_Stream6_IRQHandler
                0x08001e80                DMA1_Stream1_IRQHandler
                0x08001e80                UART4_IRQHandler
                0x08001e80                TIM3_IRQHandler
                0x08001e80                RCC_IRQHandler
                0x08001e80                UART9_IRQHandler
                0x08001e80                TIM8_BRK_TIM12_IRQHandler
                0x08001e80                Default_Handler
                0x08001e80                EXTI15_10_IRQHandler
                0x08001e80                ADC_IRQHandler
                0x08001e80                DFSDM2_FLT0_IRQHandler
                0x08001e80                SPI5_IRQHandler
                0x08001e80                TIM7_IRQHandler
                0x08001e80                CAN2_TX_IRQHandler
                0x08001e80                TIM5_IRQHandler
                0x08001e80                DMA2_Stream7_IRQHandler
                0x08001e80                I2C3_EV_IRQHandler
                0x08001e80                DFSDM2_FLT2_IRQHandler
                0x08001e80                EXTI9_5_IRQHandler
                0x08001e80                RTC_WKUP_IRQHandler
                0x08001e80                SPI2_IRQHandler
                0x08001e80                CAN1_TX_IRQHandler
                0x08001e80                FMPI2C1_ER_IRQHandler
                0x08001e80                EXTI4_IRQHandler
                0x08001e80                DFSDM2_FLT1_IRQHandler
                0x08001e80                RNG_IRQHandler
                0x08001e80                FSMC_IRQHandler
                0x08001e80                WWDG_IRQHandler
                0x08001e80                CAN3_TX_IRQHandler
                0x08001e80                TIM2_IRQHandler
                0x08001e80                OTG_FS_WKUP_IRQHandler
                0x08001e80                TIM1_TRG_COM_TIM11_IRQHandler
                0x08001e80                EXTI1_IRQHandler
                0x08001e80                UART7_IRQHandler
                0x08001e80                USART2_IRQHandler
                0x08001e80                DFSDM1_FLT0_IRQHandler
                0x08001e80                I2C2_ER_IRQHandler
                0x08001e80                DMA2_Stream1_IRQHandler
                0x08001e80                CAN1_SCE_IRQHandler
                0x08001e80                FLASH_IRQHandler
                0x08001e80                DMA2_Stream4_IRQHandler
                0x08001e80                USART1_IRQHandler
                0x08001e80                OTG_FS_IRQHandler
                0x08001e80                SPI3_IRQHandler
                0x08001e80                DMA1_Stream4_IRQHandler
                0x08001e80                I2C1_ER_IRQHandler
                0x08001e80                LPTIM1_IRQHandler
                0x08001e80                DMA2_Stream6_IRQHandler
                0x08001e80                UART10_IRQHandler
                0x08001e80                SAI1_IRQHandler
                0x08001e80                DMA1_Stream3_IRQHandler
 *fill*         0x08001e82        0x2 
 .text.HAL_Init
                0x08001e84       0x44 ./Drivers/STM32F4xx_HAL_Driver/Src/stm32f4xx_hal.o
                0x08001e84                HAL_Init
 .text.HAL_InitTick
                0x08001ec8       0x60 ./Drivers/STM32F4xx_HAL_Driver/Src/stm32f4xx_hal.o
                0x08001ec8                HAL_InitTick
 .text.HAL_GetTick
                0x08001f28       0x18 ./Drivers/STM32F4xx_HAL_Driver/Src/stm32f4xx_hal.o
                0x08001f28                HAL_GetTick
 .text.HAL_Delay
                0x08001f40       0x48 ./Drivers/STM32F4xx_HAL_Driver/Src/stm32f4xx_hal.o
                0x08001f40                HAL_Delay
 .text.__NVIC_SetPriorityGrouping
                0x08001f88       0x48 ./Drivers/STM32F4xx_HAL_Driver/Src/stm32f4xx_hal_cortex.o
 .text.__NVIC_GetPriorityGrouping
                0x08001fd0       0x1c ./Drivers/STM32F4xx_HAL_Driver/Src/stm32f4xx_hal_cortex.o
 .text.__NVIC_EnableIRQ
                0x08001fec       0x3c ./Drivers/STM32F4xx_HAL_Driver/Src/stm32f4xx_hal_cortex.o
 .text.__NVIC_SetPriority
                0x08002028       0x54 ./Drivers/STM32F4xx_HAL_Driver/Src/stm32f4xx_hal_cortex.o
 .text.NVIC_EncodePriority
                0x0800207c       0x66 ./Drivers/STM32F4xx_HAL_Driver/Src/stm32f4xx_hal_cortex.o
 *fill*         0x080020e2        0x2 
 .text.__NVIC_SystemReset
                0x080020e4       0x2c ./Drivers/STM32F4xx_HAL_Driver/Src/stm32f4xx_hal_cortex.o
 .text.SysTick_Config
                0x08002110       0x44 ./Drivers/STM32F4xx_HAL_Driver/Src/stm32f4xx_hal_cortex.o
 .text.HAL_NVIC_SetPriorityGrouping
                0x08002154       0x16 ./Drivers/STM32F4xx_HAL_Driver/Src/stm32f4xx_hal_cortex.o
                0x08002154                HAL_NVIC_SetPriorityGrouping
 .text.HAL_NVIC_SetPriority
                0x0800216a       0x38 ./Drivers/STM32F4xx_HAL_Driver/Src/stm32f4xx_hal_cortex.o
                0x0800216a                HAL_NVIC_SetPriority
 .text.HAL_NVIC_EnableIRQ
                0x080021a2       0x1c ./Drivers/STM32F4xx_HAL_Driver/Src/stm32f4xx_hal_cortex.o
                0x080021a2                HAL_NVIC_EnableIRQ
 .text.HAL_NVIC_SystemReset
                0x080021be        0x8 ./Drivers/STM32F4xx_HAL_Driver/Src/stm32f4xx_hal_cortex.o
                0x080021be                HAL_NVIC_SystemReset
 .text.HAL_SYSTICK_Config
                0x080021c6       0x18 ./Drivers/STM32F4xx_HAL_Driver/Src/stm32f4xx_hal_cortex.o
                0x080021c6                HAL_SYSTICK_Config
 *fill*         0x080021de        0x2 
 .text.HAL_DMA_Init
                0x080021e0      0x15c ./Drivers/STM32F4xx_HAL_Driver/Src/stm32f4xx_hal_dma.o
                0x080021e0                HAL_DMA_Init
 .text.HAL_DMA_Start_IT
                0x0800233c       0xb0 ./Drivers/STM32F4xx_HAL_Driver/Src/stm32f4xx_hal_dma.o
                0x0800233c                HAL_DMA_Start_IT
 .text.HAL_DMA_Abort
                0x080023ec       0xe0 ./Drivers/STM32F4xx_HAL_Driver/Src/stm32f4xx_hal_dma.o
                0x080023ec                HAL_DMA_Abort
 .text.HAL_DMA_Abort_IT
                0x080024cc       0x44 ./Drivers/STM32F4xx_HAL_Driver/Src/stm32f4xx_hal_dma.o
                0x080024cc                HAL_DMA_Abort_IT
 .text.HAL_DMA_IRQHandler
                0x08002510      0x314 ./Drivers/STM32F4xx_HAL_Driver/Src/stm32f4xx_hal_dma.o
                0x08002510                HAL_DMA_IRQHandler
 .text.DMA_SetConfig
                0x08002824       0x5c ./Drivers/STM32F4xx_HAL_Driver/Src/stm32f4xx_hal_dma.o
 .text.DMA_CalcBaseAndBitshift
                0x08002880       0x6c ./Drivers/STM32F4xx_HAL_Driver/Src/stm32f4xx_hal_dma.o
 .text.DMA_CheckFifoParam
                0x080028ec       0xf8 ./Drivers/STM32F4xx_HAL_Driver/Src/stm32f4xx_hal_dma.o
 .text.HAL_GPIO_Init
                0x080029e4      0x328 ./Drivers/STM32F4xx_HAL_Driver/Src/stm32f4xx_hal_gpio.o
                0x080029e4                HAL_GPIO_Init
 .text.HAL_GPIO_WritePin
                0x08002d0c       0x32 ./Drivers/STM32F4xx_HAL_Driver/Src/stm32f4xx_hal_gpio.o
                0x08002d0c                HAL_GPIO_WritePin
 *fill*         0x08002d3e        0x2 
 .text.HAL_RCC_ClockConfig
                0x08002d40      0x1cc ./Drivers/STM32F4xx_HAL_Driver/Src/stm32f4xx_hal_rcc.o
                0x08002d40                HAL_RCC_ClockConfig
 .text.HAL_RCC_EnableCSS
                0x08002f0c       0x18 ./Drivers/STM32F4xx_HAL_Driver/Src/stm32f4xx_hal_rcc.o
                0x08002f0c                HAL_RCC_EnableCSS
 .text.HAL_RCC_GetSysClockFreq
                0x08002f24      0x18c ./Drivers/STM32F4xx_HAL_Driver/Src/stm32f4xx_hal_rcc.o
                0x08002f24                HAL_RCC_GetSysClockFreq
 .text.HAL_RCC_GetHCLKFreq
                0x080030b0       0x18 ./Drivers/STM32F4xx_HAL_Driver/Src/stm32f4xx_hal_rcc.o
                0x080030b0                HAL_RCC_GetHCLKFreq
 .text.HAL_RCC_GetPCLK1Freq
                0x080030c8       0x28 ./Drivers/STM32F4xx_HAL_Driver/Src/stm32f4xx_hal_rcc.o
                0x080030c8                HAL_RCC_GetPCLK1Freq
 .text.HAL_RCC_GetPCLK2Freq
                0x080030f0       0x28 ./Drivers/STM32F4xx_HAL_Driver/Src/stm32f4xx_hal_rcc.o
                0x080030f0                HAL_RCC_GetPCLK2Freq
 .text.HAL_RCC_NMI_IRQHandler
                0x08003118       0x28 ./Drivers/STM32F4xx_HAL_Driver/Src/stm32f4xx_hal_rcc.o
                0x08003118                HAL_RCC_NMI_IRQHandler
 .text.HAL_RCC_CSSCallback
                0x08003140        0xe ./Drivers/STM32F4xx_HAL_Driver/Src/stm32f4xx_hal_rcc.o
                0x08003140                HAL_RCC_CSSCallback
 *fill*         0x0800314e        0x2 
 .text.HAL_RCC_OscConfig
                0x08003150      0x508 ./Drivers/STM32F4xx_HAL_Driver/Src/stm32f4xx_hal_rcc_ex.o
                0x08003150                HAL_RCC_OscConfig
 .text.HAL_SPI_Init
                0x08003658      0x112 ./Drivers/STM32F4xx_HAL_Driver/Src/stm32f4xx_hal_spi.o
                0x08003658                HAL_SPI_Init
 *fill*         0x0800376a        0x2 
 .text.HAL_SPI_TransmitReceive_IT
                0x0800376c      0x124 ./Drivers/STM32F4xx_HAL_Driver/Src/stm32f4xx_hal_spi.o
                0x0800376c                HAL_SPI_TransmitReceive_IT
 .text.HAL_SPI_IRQHandler
                0x08003890      0x1e8 ./Drivers/STM32F4xx_HAL_Driver/Src/stm32f4xx_hal_spi.o
                0x08003890                HAL_SPI_IRQHandler
 .text.HAL_SPI_RxCpltCallback
                0x08003a78       0x14 ./Drivers/STM32F4xx_HAL_Driver/Src/stm32f4xx_hal_spi.o
                0x08003a78                HAL_SPI_RxCpltCallback
 .text.SPI_DMAAbortOnError
                0x08003a8c       0x28 ./Drivers/STM32F4xx_HAL_Driver/Src/stm32f4xx_hal_spi.o
 .text.SPI_2linesRxISR_8BIT
                0x08003ab4       0x64 ./Drivers/STM32F4xx_HAL_Driver/Src/stm32f4xx_hal_spi.o
 .text.SPI_2linesTxISR_8BIT
                0x08003b18       0x60 ./Drivers/STM32F4xx_HAL_Driver/Src/stm32f4xx_hal_spi.o
 .text.SPI_2linesRxISR_16BIT
                0x08003b78       0x60 ./Drivers/STM32F4xx_HAL_Driver/Src/stm32f4xx_hal_spi.o
 .text.SPI_2linesTxISR_16BIT
                0x08003bd8       0x5e ./Drivers/STM32F4xx_HAL_Driver/Src/stm32f4xx_hal_spi.o
 *fill*         0x08003c36        0x2 
 .text.SPI_WaitFlagStateUntilTimeout
                0x08003c38      0x110 ./Drivers/STM32F4xx_HAL_Driver/Src/stm32f4xx_hal_spi.o
 .text.SPI_EndRxTxTransaction
                0x08003d48       0xa8 ./Drivers/STM32F4xx_HAL_Driver/Src/stm32f4xx_hal_spi.o
 .text.SPI_CloseRxTx_ISR
                0x08003df0       0xe8 ./Drivers/STM32F4xx_HAL_Driver/Src/stm32f4xx_hal_spi.o
 .text.HAL_TIM_Base_Init
                0x08003ed8       0x9e ./Drivers/STM32F4xx_HAL_Driver/Src/stm32f4xx_hal_tim.o
                0x08003ed8                HAL_TIM_Base_Init
 .text.HAL_TIM_IRQHandler
                0x08003f76      0x1e0 ./Drivers/STM32F4xx_HAL_Driver/Src/stm32f4xx_hal_tim.o
                0x08003f76                HAL_TIM_IRQHandler
 .text.HAL_TIM_PeriodElapsedCallback
                0x08004156       0x14 ./Drivers/STM32F4xx_HAL_Driver/Src/stm32f4xx_hal_tim.o
                0x08004156                HAL_TIM_PeriodElapsedCallback
 .text.HAL_TIM_OC_DelayElapsedCallback
                0x0800416a       0x14 ./Drivers/STM32F4xx_HAL_Driver/Src/stm32f4xx_hal_tim.o
                0x0800416a                HAL_TIM_OC_DelayElapsedCallback
 .text.HAL_TIM_IC_CaptureCallback
                0x0800417e       0x14 ./Drivers/STM32F4xx_HAL_Driver/Src/stm32f4xx_hal_tim.o
                0x0800417e                HAL_TIM_IC_CaptureCallback
 .text.HAL_TIM_PWM_PulseFinishedCallback
                0x08004192       0x14 ./Drivers/STM32F4xx_HAL_Driver/Src/stm32f4xx_hal_tim.o
                0x08004192                HAL_TIM_PWM_PulseFinishedCallback
 .text.HAL_TIM_TriggerCallback
                0x080041a6       0x14 ./Drivers/STM32F4xx_HAL_Driver/Src/stm32f4xx_hal_tim.o
                0x080041a6                HAL_TIM_TriggerCallback
 *fill*         0x080041ba        0x2 
 .text.TIM_Base_SetConfig
                0x080041bc      0x158 ./Drivers/STM32F4xx_HAL_Driver/Src/stm32f4xx_hal_tim.o
                0x080041bc                TIM_Base_SetConfig
 .text.HAL_TIMEx_MasterConfigSynchronization
                0x08004314       0xf8 ./Drivers/STM32F4xx_HAL_Driver/Src/stm32f4xx_hal_tim_ex.o
                0x08004314                HAL_TIMEx_MasterConfigSynchronization
 .text.HAL_TIMEx_CommutCallback
                0x0800440c       0x14 ./Drivers/STM32F4xx_HAL_Driver/Src/stm32f4xx_hal_tim_ex.o
                0x0800440c                HAL_TIMEx_CommutCallback
 .text.HAL_TIMEx_BreakCallback
                0x08004420       0x14 ./Drivers/STM32F4xx_HAL_Driver/Src/stm32f4xx_hal_tim_ex.o
                0x08004420                HAL_TIMEx_BreakCallback
 .text.HAL_UART_Init
                0x08004434       0xa0 ./Drivers/STM32F4xx_HAL_Driver/Src/stm32f4xx_hal_uart.o
                0x08004434                HAL_UART_Init
 .text.HAL_UART_Receive_IT
                0x080044d4       0x4a ./Drivers/STM32F4xx_HAL_Driver/Src/stm32f4xx_hal_uart.o
                0x080044d4                HAL_UART_Receive_IT
 *fill*         0x0800451e        0x2 
 .text.HAL_UART_Transmit_DMA
                0x08004520       0xe0 ./Drivers/STM32F4xx_HAL_Driver/Src/stm32f4xx_hal_uart.o
                0x08004520                HAL_UART_Transmit_DMA
 .text.HAL_UART_AbortReceive_IT
                0x08004600      0x164 ./Drivers/STM32F4xx_HAL_Driver/Src/stm32f4xx_hal_uart.o
                0x08004600                HAL_UART_AbortReceive_IT
 .text.HAL_UART_IRQHandler
                0x08004764      0x524 ./Drivers/STM32F4xx_HAL_Driver/Src/stm32f4xx_hal_uart.o
                0x08004764                HAL_UART_IRQHandler
 .text.HAL_UART_TxHalfCpltCallback
                0x08004c88       0x14 ./Drivers/STM32F4xx_HAL_Driver/Src/stm32f4xx_hal_uart.o
                0x08004c88                HAL_UART_TxHalfCpltCallback
 .text.HAL_UART_AbortReceiveCpltCallback
                0x08004c9c       0x14 ./Drivers/STM32F4xx_HAL_Driver/Src/stm32f4xx_hal_uart.o
                0x08004c9c                HAL_UART_AbortReceiveCpltCallback
 .text.HAL_UARTEx_RxEventCallback
                0x08004cb0       0x18 ./Drivers/STM32F4xx_HAL_Driver/Src/stm32f4xx_hal_uart.o
                0x08004cb0                HAL_UARTEx_RxEventCallback
 .text.UART_DMATransmitCplt
                0x08004cc8       0x9a ./Drivers/STM32F4xx_HAL_Driver/Src/stm32f4xx_hal_uart.o
 .text.UART_DMATxHalfCplt
                0x08004d62       0x1c ./Drivers/STM32F4xx_HAL_Driver/Src/stm32f4xx_hal_uart.o
 .text.UART_DMAError
                0x08004d7e       0x94 ./Drivers/STM32F4xx_HAL_Driver/Src/stm32f4xx_hal_uart.o
 .text.UART_Start_Receive_IT
                0x08004e12       0x74 ./Drivers/STM32F4xx_HAL_Driver/Src/stm32f4xx_hal_uart.o
                0x08004e12                UART_Start_Receive_IT
 .text.UART_EndTxTransfer
                0x08004e86       0x50 ./Drivers/STM32F4xx_HAL_Driver/Src/stm32f4xx_hal_uart.o
 .text.UART_EndRxTransfer
                0x08004ed6       0xc6 ./Drivers/STM32F4xx_HAL_Driver/Src/stm32f4xx_hal_uart.o
 .text.UART_DMAAbortOnError
                0x08004f9c       0x28 ./Drivers/STM32F4xx_HAL_Driver/Src/stm32f4xx_hal_uart.o
 .text.UART_DMARxOnlyAbortCallback
                0x08004fc4       0x30 ./Drivers/STM32F4xx_HAL_Driver/Src/stm32f4xx_hal_uart.o
 .text.UART_Transmit_IT
                0x08004ff4       0xa0 ./Drivers/STM32F4xx_HAL_Driver/Src/stm32f4xx_hal_uart.o
 .text.UART_EndTransmit_IT
                0x08005094       0x30 ./Drivers/STM32F4xx_HAL_Driver/Src/stm32f4xx_hal_uart.o
 .text.UART_Receive_IT
                0x080050c4      0x17c ./Drivers/STM32F4xx_HAL_Driver/Src/stm32f4xx_hal_uart.o
 .text.UART_SetConfig
                0x08005240      0x508 ./Drivers/STM32F4xx_HAL_Driver/Src/stm32f4xx_hal_uart.o
 .text.memset   0x08005748       0x10 C:/ST/STM32CubeIDE_1.12.1/STM32CubeIDE/plugins/com.st.stm32cube.ide.mcu.externaltools.gnu-tools-for-stm32.12.3.rel1.win32_1.0.100.202403111256/tools/bin/../lib/gcc/arm-none-eabi/12.3.1/../../../../arm-none-eabi/lib/thumb/v7e-m+fp/hard\libc_nano.a(libc_a-memset.o)
                0x08005748                memset
 .text.__libc_init_array
                0x08005758       0x48 C:/ST/STM32CubeIDE_1.12.1/STM32CubeIDE/plugins/com.st.stm32cube.ide.mcu.externaltools.gnu-tools-for-stm32.12.3.rel1.win32_1.0.100.202403111256/tools/bin/../lib/gcc/arm-none-eabi/12.3.1/../../../../arm-none-eabi/lib/thumb/v7e-m+fp/hard\libc_nano.a(libc_a-init.o)
                0x08005758                __libc_init_array
 *(.glue_7)
 .glue_7        0x080057a0        0x0 linker stubs
 *(.glue_7t)
 .glue_7t       0x080057a0        0x0 linker stubs
 *(.eh_frame)
 .eh_frame      0x080057a0        0x0 C:/ST/STM32CubeIDE_1.12.1/STM32CubeIDE/plugins/com.st.stm32cube.ide.mcu.externaltools.gnu-tools-for-stm32.12.3.rel1.win32_1.0.100.202403111256/tools/bin/../lib/gcc/arm-none-eabi/12.3.1/thumb/v7e-m+fp/hard/crtbegin.o
 *(.init)
 .init          0x080057a0        0x4 C:/ST/STM32CubeIDE_1.12.1/STM32CubeIDE/plugins/com.st.stm32cube.ide.mcu.externaltools.gnu-tools-for-stm32.12.3.rel1.win32_1.0.100.202403111256/tools/bin/../lib/gcc/arm-none-eabi/12.3.1/thumb/v7e-m+fp/hard/crti.o
                0x080057a0                _init
 .init          0x080057a4        0x8 C:/ST/STM32CubeIDE_1.12.1/STM32CubeIDE/plugins/com.st.stm32cube.ide.mcu.externaltools.gnu-tools-for-stm32.12.3.rel1.win32_1.0.100.202403111256/tools/bin/../lib/gcc/arm-none-eabi/12.3.1/thumb/v7e-m+fp/hard/crtn.o
 *(.fini)
 .fini          0x080057ac        0x4 C:/ST/STM32CubeIDE_1.12.1/STM32CubeIDE/plugins/com.st.stm32cube.ide.mcu.externaltools.gnu-tools-for-stm32.12.3.rel1.win32_1.0.100.202403111256/tools/bin/../lib/gcc/arm-none-eabi/12.3.1/thumb/v7e-m+fp/hard/crti.o
                0x080057ac                _fini
 .fini          0x080057b0        0x8 C:/ST/STM32CubeIDE_1.12.1/STM32CubeIDE/plugins/com.st.stm32cube.ide.mcu.externaltools.gnu-tools-for-stm32.12.3.rel1.win32_1.0.100.202403111256/tools/bin/../lib/gcc/arm-none-eabi/12.3.1/thumb/v7e-m+fp/hard/crtn.o
                0x080057b8                        . = ALIGN (0x4)
                0x080057b8                        _etext = .

.vfp11_veneer   0x080057b8        0x0
 .vfp11_veneer  0x080057b8        0x0 linker stubs

.v4_bx          0x080057b8        0x0
 .v4_bx         0x080057b8        0x0 linker stubs

.iplt           0x080057b8        0x0
 .iplt          0x080057b8        0x0 C:/ST/STM32CubeIDE_1.12.1/STM32CubeIDE/plugins/com.st.stm32cube.ide.mcu.externaltools.gnu-tools-for-stm32.12.3.rel1.win32_1.0.100.202403111256/tools/bin/../lib/gcc/arm-none-eabi/12.3.1/thumb/v7e-m+fp/hard/crtbegin.o

.rodata         0x080057b8       0x2c
                0x080057b8                        . = ALIGN (0x4)
 *(.rodata)
 .rodata        0x080057b8        0xa ./Core/Src/SpiDevice.o
 *(.rodata*)
 *fill*         0x080057c2        0x2 
 .rodata.AHBPrescTable
                0x080057c4       0x10 ./Core/Src/system_stm32f4xx.o
                0x080057c4                AHBPrescTable
 .rodata.APBPrescTable
                0x080057d4        0x8 ./Core/Src/system_stm32f4xx.o
                0x080057d4                APBPrescTable
 .rodata.flagBitshiftOffset.0
                0x080057dc        0x8 ./Drivers/STM32F4xx_HAL_Driver/Src/stm32f4xx_hal_dma.o
                0x080057e4                        . = ALIGN (0x4)

.ARM.extab      0x080057e4        0x0
                0x080057e4                        . = ALIGN (0x4)
 *(.ARM.extab* .gnu.linkonce.armextab.*)
                0x080057e4                        . = ALIGN (0x4)

.ARM            0x080057e4        0x8
                0x080057e4                        . = ALIGN (0x4)
                0x080057e4                        __exidx_start = .
 *(.ARM.exidx*)
 .ARM.exidx     0x080057e4        0x8 C:/ST/STM32CubeIDE_1.12.1/STM32CubeIDE/plugins/com.st.stm32cube.ide.mcu.externaltools.gnu-tools-for-stm32.12.3.rel1.win32_1.0.100.202403111256/tools/bin/../lib/gcc/arm-none-eabi/12.3.1/thumb/v7e-m+fp/hard\libgcc.a(_udivmoddi4.o)
                0x080057ec                        __exidx_end = .
                0x080057ec                        . = ALIGN (0x4)

.preinit_array  0x080057ec        0x0
                0x080057ec                        . = ALIGN (0x4)
                0x080057ec                        PROVIDE (__preinit_array_start = .)
 *(.preinit_array*)
                0x080057ec                        PROVIDE (__preinit_array_end = .)
                0x080057ec                        . = ALIGN (0x4)

.init_array     0x080057ec        0x8
                0x080057ec                        . = ALIGN (0x4)
                0x080057ec                        PROVIDE (__init_array_start = .)
 *(SORT_BY_NAME(.init_array.*))
 *(.init_array*)
 .init_array    0x080057ec        0x4 C:/ST/STM32CubeIDE_1.12.1/STM32CubeIDE/plugins/com.st.stm32cube.ide.mcu.externaltools.gnu-tools-for-stm32.12.3.rel1.win32_1.0.100.202403111256/tools/bin/../lib/gcc/arm-none-eabi/12.3.1/thumb/v7e-m+fp/hard/crtbegin.o
 .init_array    0x080057f0        0x4 ./Core/Src/main.o
                0x080057f4                        PROVIDE (__init_array_end = .)
                0x080057f4                        . = ALIGN (0x4)

.fini_array     0x080057f4        0x4
                0x080057f4                        . = ALIGN (0x4)
                [!provide]                        PROVIDE (__fini_array_start = .)
 *(SORT_BY_NAME(.fini_array.*))
 *(.fini_array*)
 .fini_array    0x080057f4        0x4 C:/ST/STM32CubeIDE_1.12.1/STM32CubeIDE/plugins/com.st.stm32cube.ide.mcu.externaltools.gnu-tools-for-stm32.12.3.rel1.win32_1.0.100.202403111256/tools/bin/../lib/gcc/arm-none-eabi/12.3.1/thumb/v7e-m+fp/hard/crtbegin.o
                [!provide]                        PROVIDE (__fini_array_end = .)
                0x080057f8                        . = ALIGN (0x4)
                0x080057f8                        _sidata = LOADADDR (.data)

.rel.dyn        0x080057f8        0x0
 .rel.iplt      0x080057f8        0x0 C:/ST/STM32CubeIDE_1.12.1/STM32CubeIDE/plugins/com.st.stm32cube.ide.mcu.externaltools.gnu-tools-for-stm32.12.3.rel1.win32_1.0.100.202403111256/tools/bin/../lib/gcc/arm-none-eabi/12.3.1/thumb/v7e-m+fp/hard/crtbegin.o

.data           0x20000000       0x14 load address 0x080057f8
                0x20000000                        . = ALIGN (0x4)
                0x20000000                        _sdata = .
 *(.data)
 *(.data*)
 .data.uartRxBuffPtr
                0x20000000        0x8 ./Core/Src/main.o
                0x20000000                uartRxBuffPtr
 .data.SystemCoreClock
                0x20000008        0x4 ./Core/Src/system_stm32f4xx.o
                0x20000008                SystemCoreClock
 .data.uwTickPrio
                0x2000000c        0x4 ./Drivers/STM32F4xx_HAL_Driver/Src/stm32f4xx_hal.o
                0x2000000c                uwTickPrio
 .data.uwTickFreq
                0x20000010        0x1 ./Drivers/STM32F4xx_HAL_Driver/Src/stm32f4xx_hal.o
                0x20000010                uwTickFreq
 *(.RamFunc)
 *(.RamFunc*)
                0x20000014                        . = ALIGN (0x4)
 *fill*         0x20000011        0x3 
                0x20000014                        _edata = .

.igot.plt       0x20000014        0x0 load address 0x0800580c
 .igot.plt      0x20000014        0x0 C:/ST/STM32CubeIDE_1.12.1/STM32CubeIDE/plugins/com.st.stm32cube.ide.mcu.externaltools.gnu-tools-for-stm32.12.3.rel1.win32_1.0.100.202403111256/tools/bin/../lib/gcc/arm-none-eabi/12.3.1/thumb/v7e-m+fp/hard/crtbegin.o
                0x20000014                        . = ALIGN (0x4)

.bss            0x20000014      0x9ac load address 0x0800580c
                0x20000014                        _sbss = .
                0x20000014                        __bss_start__ = _sbss
 *(.bss)
 .bss           0x20000014       0x1c C:/ST/STM32CubeIDE_1.12.1/STM32CubeIDE/plugins/com.st.stm32cube.ide.mcu.externaltools.gnu-tools-for-stm32.12.3.rel1.win32_1.0.100.202403111256/tools/bin/../lib/gcc/arm-none-eabi/12.3.1/thumb/v7e-m+fp/hard/crtbegin.o
 *(.bss*)
 .bss._ZN9SpiDevice12numOfDevicesE
                0x20000030        0x1 ./Core/Src/SpiDevice.o
                0x20000030                SpiDevice::numOfDevices
 .bss._ZN9SpiDevice18currentDeviceIndexE
                0x20000031        0x1 ./Core/Src/SpiDevice.o
                0x20000031                SpiDevice::currentDeviceIndex
 *fill*         0x20000032        0x2 
 .bss._ZN9SpiDevice11rxBuffStateE
                0x20000034        0x2 ./Core/Src/SpiDevice.o
                0x20000034                SpiDevice::rxBuffState
 *fill*         0x20000036        0x2 
 .bss._ZN9SpiDevice11txBuffStateE
                0x20000038        0x2 ./Core/Src/SpiDevice.o
                0x20000038                SpiDevice::txBuffState
 *fill*         0x2000003a        0x2 
 .bss._ZN5Timer17timerClassCounterE
                0x2000003c        0x4 ./Core/Src/Timer.o
                0x2000003c                Timer::timerClassCounter
 .bss.hspi1     0x20000040       0x58 ./Core/Src/main.o
                0x20000040                hspi1
 .bss.hdma_spi1_rx
                0x20000098       0x60 ./Core/Src/main.o
                0x20000098                hdma_spi1_rx
 .bss.hdma_spi1_tx
                0x200000f8       0x60 ./Core/Src/main.o
                0x200000f8                hdma_spi1_tx
 .bss.htim6     0x20000158       0x48 ./Core/Src/main.o
                0x20000158                htim6
 .bss.huart5    0x200001a0       0x48 ./Core/Src/main.o
                0x200001a0                huart5
 .bss.hdma_uart5_rx
                0x200001e8       0x60 ./Core/Src/main.o
                0x200001e8                hdma_uart5_rx
 .bss.hdma_uart5_tx
                0x20000248       0x60 ./Core/Src/main.o
                0x20000248                hdma_uart5_tx
 .bss.a         0x200002a8        0x1 ./Core/Src/main.o
                0x200002a8                a
 .bss.currentBuffIndex
                0x200002a9        0x1 ./Core/Src/main.o
                0x200002a9                currentBuffIndex
 .bss.numOfSpiDevices
                0x200002aa        0x1 ./Core/Src/main.o
                0x200002aa                numOfSpiDevices
 .bss.spiTxRxState
                0x200002ab        0x1 ./Core/Src/main.o
                0x200002ab                spiTxRxState
 .bss.uartRxState
                0x200002ac        0x1 ./Core/Src/main.o
                0x200002ac                uartRxState
 .bss.uartTxState
                0x200002ad        0x1 ./Core/Src/main.o
                0x200002ad                uartTxState
 *fill*         0x200002ae        0x2 
 .bss.spiRxBuffProcessingRequired
                0x200002b0        0x2 ./Core/Src/main.o
                0x200002b0                spiRxBuffProcessingRequired
 *fill*         0x200002b2        0x2 
 .bss.uartTxMinPeriodTim
                0x200002b4       0x10 ./Core/Src/main.o
                0x200002b4                uartTxMinPeriodTim
 .bss.uartTxPeriodTim
                0x200002c4       0x10 ./Core/Src/main.o
                0x200002c4                uartTxPeriodTim
 .bss.uartTxAfterEventTim
                0x200002d4       0x10 ./Core/Src/main.o
                0x200002d4                uartTxAfterEventTim
 .bss.uartRxTim
                0x200002e4       0x10 ./Core/Src/main.o
                0x200002e4                uartRxTim
 .bss.uartTxPeriodTimFlag
                0x200002f4        0x1 ./Core/Src/main.o
                0x200002f4                uartTxPeriodTimFlag
 .bss.uartTxAfterEventTimFlag
                0x200002f5        0x1 ./Core/Src/main.o
                0x200002f5                uartTxAfterEventTimFlag
 *fill*         0x200002f6        0x2 
 .bss.uartRxBuff_0
                0x200002f8        0xa ./Core/Src/main.o
                0x200002f8                uartRxBuff_0
 *fill*         0x20000302        0x2 
 .bss.uartRxBuff_1
                0x20000304        0xa ./Core/Src/main.o
                0x20000304                uartRxBuff_1
 *fill*         0x2000030e        0x2 
 .bss.uartRxBuffState
                0x20000310        0x2 ./Core/Src/main.o
                0x20000310                uartRxBuffState
 .bss.currentUartRxBuffIndex
                0x20000312        0x1 ./Core/Src/main.o
                0x20000312                currentUartRxBuffIndex
 *fill*         0x20000313        0x1 
 .bss.uartTxBuffState
                0x20000314        0x2 ./Core/Src/main.o
                0x20000314                uartTxBuffState
 .bss.currentUartTxBuffIndex
                0x20000316        0x1 ./Core/Src/main.o
                0x20000316                currentUartTxBuffIndex
 *fill*         0x20000317        0x1 
 .bss.spiDevice
                0x20000318      0x6a4 ./Core/Src/main.o
                0x20000318                spiDevice
 .bss.uwTick    0x200009bc        0x4 ./Drivers/STM32F4xx_HAL_Driver/Src/stm32f4xx_hal.o
                0x200009bc                uwTick
 *(COMMON)
                0x200009c0                        . = ALIGN (0x4)
                0x200009c0                        _ebss = .
                0x200009c0                        __bss_end__ = _ebss

._user_heap_stack
                0x200009c0      0x600 load address 0x0800580c
                0x200009c0                        . = ALIGN (0x8)
                [!provide]                        PROVIDE (end = .)
                0x200009c0                        PROVIDE (_end = .)
                0x20000bc0                        . = (. + _Min_Heap_Size)
 *fill*         0x200009c0      0x200 
                0x20000fc0                        . = (. + _Min_Stack_Size)
 *fill*         0x20000bc0      0x400 
                0x20000fc0                        . = ALIGN (0x8)

/DISCARD/
 libc.a(*)
 libm.a(*)
 libgcc.a(*)

.ARM.attributes
                0x00000000       0x30
 *(.ARM.attributes)
 .ARM.attributes
                0x00000000       0x22 C:/ST/STM32CubeIDE_1.12.1/STM32CubeIDE/plugins/com.st.stm32cube.ide.mcu.externaltools.gnu-tools-for-stm32.12.3.rel1.win32_1.0.100.202403111256/tools/bin/../lib/gcc/arm-none-eabi/12.3.1/thumb/v7e-m+fp/hard/crti.o
 .ARM.attributes
                0x00000022       0x34 C:/ST/STM32CubeIDE_1.12.1/STM32CubeIDE/plugins/com.st.stm32cube.ide.mcu.externaltools.gnu-tools-for-stm32.12.3.rel1.win32_1.0.100.202403111256/tools/bin/../lib/gcc/arm-none-eabi/12.3.1/thumb/v7e-m+fp/hard/crtbegin.o
 .ARM.attributes
                0x00000056       0x34 ./Core/Src/SpiDevice.o
 .ARM.attributes
                0x0000008a       0x34 ./Core/Src/Timer.o
 .ARM.attributes
                0x000000be       0x34 ./Core/Src/main.o
 .ARM.attributes
                0x000000f2       0x34 ./Core/Src/stm32f4xx_hal_msp.o
 .ARM.attributes
                0x00000126       0x34 ./Core/Src/stm32f4xx_it.o
 .ARM.attributes
                0x0000015a       0x34 ./Core/Src/system_stm32f4xx.o
 .ARM.attributes
                0x0000018e       0x21 ./Core/Startup/startup_stm32f413rgtx.o
 .ARM.attributes
                0x000001af       0x34 ./Drivers/STM32F4xx_HAL_Driver/Src/stm32f4xx_hal.o
 .ARM.attributes
                0x000001e3       0x34 ./Drivers/STM32F4xx_HAL_Driver/Src/stm32f4xx_hal_cortex.o
 .ARM.attributes
                0x00000217       0x34 ./Drivers/STM32F4xx_HAL_Driver/Src/stm32f4xx_hal_dma.o
 .ARM.attributes
                0x0000024b       0x34 ./Drivers/STM32F4xx_HAL_Driver/Src/stm32f4xx_hal_gpio.o
 .ARM.attributes
                0x0000027f       0x34 ./Drivers/STM32F4xx_HAL_Driver/Src/stm32f4xx_hal_rcc.o
 .ARM.attributes
                0x000002b3       0x34 ./Drivers/STM32F4xx_HAL_Driver/Src/stm32f4xx_hal_rcc_ex.o
 .ARM.attributes
                0x000002e7       0x34 ./Drivers/STM32F4xx_HAL_Driver/Src/stm32f4xx_hal_spi.o
 .ARM.attributes
                0x0000031b       0x34 ./Drivers/STM32F4xx_HAL_Driver/Src/stm32f4xx_hal_tim.o
 .ARM.attributes
                0x0000034f       0x34 ./Drivers/STM32F4xx_HAL_Driver/Src/stm32f4xx_hal_tim_ex.o
 .ARM.attributes
                0x00000383       0x34 ./Drivers/STM32F4xx_HAL_Driver/Src/stm32f4xx_hal_uart.o
 .ARM.attributes
                0x000003b7       0x34 C:/ST/STM32CubeIDE_1.12.1/STM32CubeIDE/plugins/com.st.stm32cube.ide.mcu.externaltools.gnu-tools-for-stm32.12.3.rel1.win32_1.0.100.202403111256/tools/bin/../lib/gcc/arm-none-eabi/12.3.1/../../../../arm-none-eabi/lib/thumb/v7e-m+fp/hard\libc_nano.a(libc_a-memset.o)
 .ARM.attributes
                0x000003eb       0x34 C:/ST/STM32CubeIDE_1.12.1/STM32CubeIDE/plugins/com.st.stm32cube.ide.mcu.externaltools.gnu-tools-for-stm32.12.3.rel1.win32_1.0.100.202403111256/tools/bin/../lib/gcc/arm-none-eabi/12.3.1/../../../../arm-none-eabi/lib/thumb/v7e-m+fp/hard\libc_nano.a(libc_a-init.o)
 .ARM.attributes
                0x0000041f       0x22 C:/ST/STM32CubeIDE_1.12.1/STM32CubeIDE/plugins/com.st.stm32cube.ide.mcu.externaltools.gnu-tools-for-stm32.12.3.rel1.win32_1.0.100.202403111256/tools/bin/../lib/gcc/arm-none-eabi/12.3.1/thumb/v7e-m+fp/hard\libgcc.a(_aeabi_uldivmod.o)
 .ARM.attributes
                0x00000441       0x34 C:/ST/STM32CubeIDE_1.12.1/STM32CubeIDE/plugins/com.st.stm32cube.ide.mcu.externaltools.gnu-tools-for-stm32.12.3.rel1.win32_1.0.100.202403111256/tools/bin/../lib/gcc/arm-none-eabi/12.3.1/thumb/v7e-m+fp/hard\libgcc.a(_udivmoddi4.o)
 .ARM.attributes
                0x00000475       0x22 C:/ST/STM32CubeIDE_1.12.1/STM32CubeIDE/plugins/com.st.stm32cube.ide.mcu.externaltools.gnu-tools-for-stm32.12.3.rel1.win32_1.0.100.202403111256/tools/bin/../lib/gcc/arm-none-eabi/12.3.1/thumb/v7e-m+fp/hard\libgcc.a(_dvmd_tls.o)
 .ARM.attributes
                0x00000497       0x22 C:/ST/STM32CubeIDE_1.12.1/STM32CubeIDE/plugins/com.st.stm32cube.ide.mcu.externaltools.gnu-tools-for-stm32.12.3.rel1.win32_1.0.100.202403111256/tools/bin/../lib/gcc/arm-none-eabi/12.3.1/thumb/v7e-m+fp/hard/crtn.o
OUTPUT(COM_17.elf elf32-littlearm)
LOAD linker stubs
LOAD C:/ST/STM32CubeIDE_1.12.1/STM32CubeIDE/plugins/com.st.stm32cube.ide.mcu.externaltools.gnu-tools-for-stm32.12.3.rel1.win32_1.0.100.202403111256/tools/bin/../lib/gcc/arm-none-eabi/12.3.1/../../../../arm-none-eabi/lib/thumb/v7e-m+fp/hard\libc.a
LOAD C:/ST/STM32CubeIDE_1.12.1/STM32CubeIDE/plugins/com.st.stm32cube.ide.mcu.externaltools.gnu-tools-for-stm32.12.3.rel1.win32_1.0.100.202403111256/tools/bin/../lib/gcc/arm-none-eabi/12.3.1/../../../../arm-none-eabi/lib/thumb/v7e-m+fp/hard\libm.a
LOAD C:/ST/STM32CubeIDE_1.12.1/STM32CubeIDE/plugins/com.st.stm32cube.ide.mcu.externaltools.gnu-tools-for-stm32.12.3.rel1.win32_1.0.100.202403111256/tools/bin/../lib/gcc/arm-none-eabi/12.3.1/thumb/v7e-m+fp/hard\libgcc.a

.debug_info     0x00000000    0x11549
 .debug_info    0x00000000      0xb9b ./Core/Src/SpiDevice.o
 .debug_info    0x00000b9b      0x360 ./Core/Src/Timer.o
 .debug_info    0x00000efb     0x21f4 ./Core/Src/main.o
 .debug_info    0x000030ef     0x133a ./Core/Src/stm32f4xx_hal_msp.o
 .debug_info    0x00004429      0xcbc ./Core/Src/stm32f4xx_it.o
 .debug_info    0x000050e5      0x54a ./Core/Src/system_stm32f4xx.o
 .debug_info    0x0000562f       0x30 ./Core/Startup/startup_stm32f413rgtx.o
 .debug_info    0x0000565f      0x9ca ./Drivers/STM32F4xx_HAL_Driver/Src/stm32f4xx_hal.o
 .debug_info    0x00006029      0xda5 ./Drivers/STM32F4xx_HAL_Driver/Src/stm32f4xx_hal_cortex.o
 .debug_info    0x00006dce      0x8e7 ./Drivers/STM32F4xx_HAL_Driver/Src/stm32f4xx_hal_dma.o
 .debug_info    0x000076b5      0x723 ./Drivers/STM32F4xx_HAL_Driver/Src/stm32f4xx_hal_gpio.o
 .debug_info    0x00007dd8      0x8ed ./Drivers/STM32F4xx_HAL_Driver/Src/stm32f4xx_hal_rcc.o
 .debug_info    0x000086c5      0x82c ./Drivers/STM32F4xx_HAL_Driver/Src/stm32f4xx_hal_rcc_ex.o
 .debug_info    0x00008ef1     0x15fb ./Drivers/STM32F4xx_HAL_Driver/Src/stm32f4xx_hal_spi.o
 .debug_info    0x0000a4ec     0x299d ./Drivers/STM32F4xx_HAL_Driver/Src/stm32f4xx_hal_tim.o
 .debug_info    0x0000ce89     0x1771 ./Drivers/STM32F4xx_HAL_Driver/Src/stm32f4xx_hal_tim_ex.o
 .debug_info    0x0000e5fa     0x2f4f ./Drivers/STM32F4xx_HAL_Driver/Src/stm32f4xx_hal_uart.o

.debug_abbrev   0x00000000     0x27b5
 .debug_abbrev  0x00000000      0x2dd ./Core/Src/SpiDevice.o
 .debug_abbrev  0x000002dd      0x1a6 ./Core/Src/Timer.o
 .debug_abbrev  0x00000483      0x515 ./Core/Src/main.o
 .debug_abbrev  0x00000998      0x261 ./Core/Src/stm32f4xx_hal_msp.o
 .debug_abbrev  0x00000bf9      0x1da ./Core/Src/stm32f4xx_it.o
 .debug_abbrev  0x00000dd3      0x11a ./Core/Src/system_stm32f4xx.o
 .debug_abbrev  0x00000eed       0x24 ./Core/Startup/startup_stm32f413rgtx.o
 .debug_abbrev  0x00000f11      0x214 ./Drivers/STM32F4xx_HAL_Driver/Src/stm32f4xx_hal.o
 .debug_abbrev  0x00001125      0x328 ./Drivers/STM32F4xx_HAL_Driver/Src/stm32f4xx_hal_cortex.o
 .debug_abbrev  0x0000144d      0x264 ./Drivers/STM32F4xx_HAL_Driver/Src/stm32f4xx_hal_dma.o
 .debug_abbrev  0x000016b1      0x1d4 ./Drivers/STM32F4xx_HAL_Driver/Src/stm32f4xx_hal_gpio.o
 .debug_abbrev  0x00001885      0x2b6 ./Drivers/STM32F4xx_HAL_Driver/Src/stm32f4xx_hal_rcc.o
 .debug_abbrev  0x00001b3b      0x1e4 ./Drivers/STM32F4xx_HAL_Driver/Src/stm32f4xx_hal_rcc_ex.o
 .debug_abbrev  0x00001d1f      0x284 ./Drivers/STM32F4xx_HAL_Driver/Src/stm32f4xx_hal_spi.o
 .debug_abbrev  0x00001fa3      0x278 ./Drivers/STM32F4xx_HAL_Driver/Src/stm32f4xx_hal_tim.o
 .debug_abbrev  0x0000221b      0x28c ./Drivers/STM32F4xx_HAL_Driver/Src/stm32f4xx_hal_tim_ex.o
 .debug_abbrev  0x000024a7      0x30e ./Drivers/STM32F4xx_HAL_Driver/Src/stm32f4xx_hal_uart.o

.debug_aranges  0x00000000     0x1050
 .debug_aranges
                0x00000000       0xf0 ./Core/Src/SpiDevice.o
 .debug_aranges
                0x000000f0       0x58 ./Core/Src/Timer.o
 .debug_aranges
                0x00000148       0xe0 ./Core/Src/main.o
 .debug_aranges
                0x00000228       0x50 ./Core/Src/stm32f4xx_hal_msp.o
 .debug_aranges
                0x00000278       0x98 ./Core/Src/stm32f4xx_it.o
 .debug_aranges
                0x00000310       0x28 ./Core/Src/system_stm32f4xx.o
 .debug_aranges
                0x00000338       0x28 ./Core/Startup/startup_stm32f413rgtx.o
 .debug_aranges
                0x00000360       0xf0 ./Drivers/STM32F4xx_HAL_Driver/Src/stm32f4xx_hal.o
 .debug_aranges
                0x00000450      0x120 ./Drivers/STM32F4xx_HAL_Driver/Src/stm32f4xx_hal_cortex.o
 .debug_aranges
                0x00000570       0x90 ./Drivers/STM32F4xx_HAL_Driver/Src/stm32f4xx_hal_dma.o
 .debug_aranges
                0x00000600       0x58 ./Drivers/STM32F4xx_HAL_Driver/Src/stm32f4xx_hal_gpio.o
 .debug_aranges
                0x00000658       0x88 ./Drivers/STM32F4xx_HAL_Driver/Src/stm32f4xx_hal_rcc.o
 .debug_aranges
                0x000006e0       0x60 ./Drivers/STM32F4xx_HAL_Driver/Src/stm32f4xx_hal_rcc_ex.o
 .debug_aranges
                0x00000740      0x1d0 ./Drivers/STM32F4xx_HAL_Driver/Src/stm32f4xx_hal_spi.o
 .debug_aranges
                0x00000910      0x3d0 ./Drivers/STM32F4xx_HAL_Driver/Src/stm32f4xx_hal_tim.o
 .debug_aranges
                0x00000ce0      0x168 ./Drivers/STM32F4xx_HAL_Driver/Src/stm32f4xx_hal_tim_ex.o
 .debug_aranges
                0x00000e48      0x208 ./Drivers/STM32F4xx_HAL_Driver/Src/stm32f4xx_hal_uart.o

.debug_rnglists
                0x00000000      0xcc3
 .debug_rnglists
                0x00000000       0xb1 ./Core/Src/SpiDevice.o
 .debug_rnglists
                0x000000b1       0x3d ./Core/Src/Timer.o
 .debug_rnglists
                0x000000ee       0xaf ./Core/Src/main.o
 .debug_rnglists
                0x0000019d       0x39 ./Core/Src/stm32f4xx_hal_msp.o
 .debug_rnglists
                0x000001d6       0x6d ./Core/Src/stm32f4xx_it.o
 .debug_rnglists
                0x00000243       0x1a ./Core/Src/system_stm32f4xx.o
 .debug_rnglists
                0x0000025d       0x19 ./Core/Startup/startup_stm32f413rgtx.o
 .debug_rnglists
                0x00000276       0xaf ./Drivers/STM32F4xx_HAL_Driver/Src/stm32f4xx_hal.o
 .debug_rnglists
                0x00000325       0xd4 ./Drivers/STM32F4xx_HAL_Driver/Src/stm32f4xx_hal_cortex.o
 .debug_rnglists
                0x000003f9       0x70 ./Drivers/STM32F4xx_HAL_Driver/Src/stm32f4xx_hal_dma.o
 .debug_rnglists
                0x00000469       0x3f ./Drivers/STM32F4xx_HAL_Driver/Src/stm32f4xx_hal_gpio.o
 .debug_rnglists
                0x000004a8       0x66 ./Drivers/STM32F4xx_HAL_Driver/Src/stm32f4xx_hal_rcc.o
 .debug_rnglists
                0x0000050e       0x4a ./Drivers/STM32F4xx_HAL_Driver/Src/stm32f4xx_hal_rcc_ex.o
 .debug_rnglists
                0x00000558      0x16f ./Drivers/STM32F4xx_HAL_Driver/Src/stm32f4xx_hal_spi.o
 .debug_rnglists
                0x000006c7      0x31a ./Drivers/STM32F4xx_HAL_Driver/Src/stm32f4xx_hal_tim.o
 .debug_rnglists
                0x000009e1      0x126 ./Drivers/STM32F4xx_HAL_Driver/Src/stm32f4xx_hal_tim_ex.o
 .debug_rnglists
                0x00000b07      0x1bc ./Drivers/STM32F4xx_HAL_Driver/Src/stm32f4xx_hal_uart.o

.debug_macro    0x00000000    0x2293f
 .debug_macro   0x00000000       0xcd ./Core/Src/SpiDevice.o
 .debug_macro   0x000000cd      0xb8c ./Core/Src/SpiDevice.o
 .debug_macro   0x00000c59       0x28 ./Core/Src/SpiDevice.o
 .debug_macro   0x00000c81       0x1c ./Core/Src/SpiDevice.o
 .debug_macro   0x00000c9d       0x22 ./Core/Src/SpiDevice.o
 .debug_macro   0x00000cbf       0x8e ./Core/Src/SpiDevice.o
 .debug_macro   0x00000d4d       0x51 ./Core/Src/SpiDevice.o
 .debug_macro   0x00000d9e      0x103 ./Core/Src/SpiDevice.o
 .debug_macro   0x00000ea1       0x6a ./Core/Src/SpiDevice.o
 .debug_macro   0x00000f0b      0x1df ./Core/Src/SpiDevice.o
 .debug_macro   0x000010ea       0x1c ./Core/Src/SpiDevice.o
 .debug_macro   0x00001106       0x22 ./Core/Src/SpiDevice.o
 .debug_macro   0x00001128       0xfb ./Core/Src/SpiDevice.o
 .debug_macro   0x00001223     0x1011 ./Core/Src/SpiDevice.o
 .debug_macro   0x00002234      0x11f ./Core/Src/SpiDevice.o
 .debug_macro   0x00002353    0x15a8b ./Core/Src/SpiDevice.o
 .debug_macro   0x00017dde       0x16 ./Core/Src/SpiDevice.o
 .debug_macro   0x00017df4       0xd3 ./Core/Src/Timer.o
 .debug_macro   0x00017ec7       0x10 ./Core/Src/Timer.o
 .debug_macro   0x00017ed7      0x227 ./Core/Src/main.o
 .debug_macro   0x000180fe      0x2a1 ./Core/Src/main.o
 .debug_macro   0x0001839f       0x2e ./Core/Src/main.o
 .debug_macro   0x000183cd       0x6d ./Core/Src/main.o
 .debug_macro   0x0001843a     0x368c ./Core/Src/main.o
 .debug_macro   0x0001bac6      0x190 ./Core/Src/main.o
 .debug_macro   0x0001bc56       0x5c ./Core/Src/main.o
 .debug_macro   0x0001bcb2      0xcf2 ./Core/Src/main.o
 .debug_macro   0x0001c9a4      0x9e9 ./Core/Src/main.o
 .debug_macro   0x0001d38d      0x115 ./Core/Src/main.o
 .debug_macro   0x0001d4a2      0x202 ./Core/Src/main.o
 .debug_macro   0x0001d6a4       0xa5 ./Core/Src/main.o
 .debug_macro   0x0001d749      0x173 ./Core/Src/main.o
 .debug_macro   0x0001d8bc      0x2bf ./Core/Src/main.o
 .debug_macro   0x0001db7b       0x5f ./Core/Src/main.o
 .debug_macro   0x0001dbda      0x236 ./Core/Src/main.o
 .debug_macro   0x0001de10      0x132 ./Core/Src/main.o
 .debug_macro   0x0001df42      0x30c ./Core/Src/main.o
 .debug_macro   0x0001e24e       0x2e ./Core/Src/main.o
 .debug_macro   0x0001e27c      0x127 ./Core/Src/main.o
 .debug_macro   0x0001e3a3       0x91 ./Core/Src/main.o
 .debug_macro   0x0001e434       0x89 ./Core/Src/main.o
 .debug_macro   0x0001e4bd      0x225 ./Core/Src/main.o
 .debug_macro   0x0001e6e2      0x8ed ./Core/Src/main.o
 .debug_macro   0x0001efcf       0x77 ./Core/Src/main.o
 .debug_macro   0x0001f046      0x2aa ./Core/Src/main.o
 .debug_macro   0x0001f2f0      0x134 ./Core/Src/main.o
 .debug_macro   0x0001f424       0x16 ./Core/Src/main.o
 .debug_macro   0x0001f43a      0x1e2 ./Core/Src/stm32f4xx_hal_msp.o
 .debug_macro   0x0001f61c      0xab4 ./Core/Src/stm32f4xx_hal_msp.o
 .debug_macro   0x000200d0     0x1011 ./Core/Src/stm32f4xx_hal_msp.o
 .debug_macro   0x000210e1      0x189 ./Core/Src/stm32f4xx_hal_msp.o
 .debug_macro   0x0002126a      0x1ec ./Core/Src/stm32f4xx_it.o
 .debug_macro   0x00021456      0x1d8 ./Core/Src/system_stm32f4xx.o
 .debug_macro   0x0002162e      0x238 ./Drivers/STM32F4xx_HAL_Driver/Src/stm32f4xx_hal.o
 .debug_macro   0x00021866      0x1d8 ./Drivers/STM32F4xx_HAL_Driver/Src/stm32f4xx_hal_cortex.o
 .debug_macro   0x00021a3e      0x1de ./Drivers/STM32F4xx_HAL_Driver/Src/stm32f4xx_hal_dma.o
 .debug_macro   0x00021c1c      0x1de ./Drivers/STM32F4xx_HAL_Driver/Src/stm32f4xx_hal_gpio.o
 .debug_macro   0x00021dfa      0x1fc ./Drivers/STM32F4xx_HAL_Driver/Src/stm32f4xx_hal_rcc.o
 .debug_macro   0x00021ff6      0x1d8 ./Drivers/STM32F4xx_HAL_Driver/Src/stm32f4xx_hal_rcc_ex.o
 .debug_macro   0x000221ce      0x1e7 ./Drivers/STM32F4xx_HAL_Driver/Src/stm32f4xx_hal_spi.o
 .debug_macro   0x000223b5      0x1d9 ./Drivers/STM32F4xx_HAL_Driver/Src/stm32f4xx_hal_tim.o
 .debug_macro   0x0002258e      0x1d8 ./Drivers/STM32F4xx_HAL_Driver/Src/stm32f4xx_hal_tim_ex.o
 .debug_macro   0x00022766      0x1d9 ./Drivers/STM32F4xx_HAL_Driver/Src/stm32f4xx_hal_uart.o

.debug_line     0x00000000    0x123c6
 .debug_line    0x00000000      0xa34 ./Core/Src/SpiDevice.o
 .debug_line    0x00000a34      0x5d9 ./Core/Src/Timer.o
 .debug_line    0x0000100d      0xece ./Core/Src/main.o
 .debug_line    0x00001edb      0x8dd ./Core/Src/stm32f4xx_hal_msp.o
 .debug_line    0x000027b8      0x8d3 ./Core/Src/stm32f4xx_it.o
 .debug_line    0x0000308b      0x7ea ./Core/Src/system_stm32f4xx.o
 .debug_line    0x00003875       0x7a ./Core/Startup/startup_stm32f413rgtx.o
 .debug_line    0x000038ef      0xa53 ./Drivers/STM32F4xx_HAL_Driver/Src/stm32f4xx_hal.o
 .debug_line    0x00004342      0xd1b ./Drivers/STM32F4xx_HAL_Driver/Src/stm32f4xx_hal_cortex.o
 .debug_line    0x0000505d      0xfc3 ./Drivers/STM32F4xx_HAL_Driver/Src/stm32f4xx_hal_dma.o
 .debug_line    0x00006020      0xbcb ./Drivers/STM32F4xx_HAL_Driver/Src/stm32f4xx_hal_gpio.o
 .debug_line    0x00006beb      0xdd0 ./Drivers/STM32F4xx_HAL_Driver/Src/stm32f4xx_hal_rcc.o
 .debug_line    0x000079bb     0x1138 ./Drivers/STM32F4xx_HAL_Driver/Src/stm32f4xx_hal_rcc_ex.o
 .debug_line    0x00008af3     0x1d4e ./Drivers/STM32F4xx_HAL_Driver/Src/stm32f4xx_hal_spi.o
 .debug_line    0x0000a841     0x37f7 ./Drivers/STM32F4xx_HAL_Driver/Src/stm32f4xx_hal_tim.o
 .debug_line    0x0000e038     0x1a4f ./Drivers/STM32F4xx_HAL_Driver/Src/stm32f4xx_hal_tim_ex.o
 .debug_line    0x0000fa87     0x293f ./Drivers/STM32F4xx_HAL_Driver/Src/stm32f4xx_hal_uart.o

.debug_str      0x00000000    0xcd5d5
 .debug_str     0x00000000    0x88379 ./Core/Src/SpiDevice.o
                              0x88556 (size before relaxing)
 .debug_str     0x00088379      0x165 ./Core/Src/Timer.o
                              0x87ef6 (size before relaxing)
 .debug_str     0x000884de    0x41c6a ./Core/Src/main.o
                              0xca5ea (size before relaxing)
 .debug_str     0x000ca148      0x2e2 ./Core/Src/stm32f4xx_hal_msp.o
                              0xc9064 (size before relaxing)
 .debug_str     0x000ca42a      0x1b6 ./Core/Src/stm32f4xx_it.o
                              0xc8991 (size before relaxing)
 .debug_str     0x000ca5e0       0xdb ./Core/Src/system_stm32f4xx.o
                              0xc80bb (size before relaxing)
 .debug_str     0x000ca6bb       0x44 ./Core/Startup/startup_stm32f413rgtx.o
                                 0x6c (size before relaxing)
 .debug_str     0x000ca6ff      0x58d ./Drivers/STM32F4xx_HAL_Driver/Src/stm32f4xx_hal.o
                              0xc8cf1 (size before relaxing)
 .debug_str     0x000cac8c      0x31c ./Drivers/STM32F4xx_HAL_Driver/Src/stm32f4xx_hal_cortex.o
                              0xc8a17 (size before relaxing)
 .debug_str     0x000cafa8      0x2e6 ./Drivers/STM32F4xx_HAL_Driver/Src/stm32f4xx_hal_dma.o
                              0xc84b1 (size before relaxing)
 .debug_str     0x000cb28e      0x12a ./Drivers/STM32F4xx_HAL_Driver/Src/stm32f4xx_hal_gpio.o
                              0xc8245 (size before relaxing)
 .debug_str     0x000cb3b8      0x20a ./Drivers/STM32F4xx_HAL_Driver/Src/stm32f4xx_hal_rcc.o
                              0xc84f4 (size before relaxing)
 .debug_str     0x000cb5c2      0x2ba ./Drivers/STM32F4xx_HAL_Driver/Src/stm32f4xx_hal_rcc_ex.o
                              0xc8479 (size before relaxing)
 .debug_str     0x000cb87c      0x50b ./Drivers/STM32F4xx_HAL_Driver/Src/stm32f4xx_hal_spi.o
                              0xc895b (size before relaxing)
 .debug_str     0x000cbd87      0xe43 ./Drivers/STM32F4xx_HAL_Driver/Src/stm32f4xx_hal_tim.o
                              0xc9421 (size before relaxing)
 .debug_str     0x000ccbca      0x4a1 ./Drivers/STM32F4xx_HAL_Driver/Src/stm32f4xx_hal_tim_ex.o
                              0xc8d62 (size before relaxing)
 .debug_str     0x000cd06b      0x56a ./Drivers/STM32F4xx_HAL_Driver/Src/stm32f4xx_hal_uart.o
                              0xc8aac (size before relaxing)

.comment        0x00000000       0x43
 .comment       0x00000000       0x43 ./Core/Src/SpiDevice.o
                                 0x44 (size before relaxing)
 .comment       0x00000043       0x44 ./Core/Src/Timer.o
 .comment       0x00000043       0x44 ./Core/Src/main.o
 .comment       0x00000043       0x44 ./Core/Src/stm32f4xx_hal_msp.o
 .comment       0x00000043       0x44 ./Core/Src/stm32f4xx_it.o
 .comment       0x00000043       0x44 ./Core/Src/system_stm32f4xx.o
 .comment       0x00000043       0x44 ./Drivers/STM32F4xx_HAL_Driver/Src/stm32f4xx_hal.o
 .comment       0x00000043       0x44 ./Drivers/STM32F4xx_HAL_Driver/Src/stm32f4xx_hal_cortex.o
 .comment       0x00000043       0x44 ./Drivers/STM32F4xx_HAL_Driver/Src/stm32f4xx_hal_dma.o
 .comment       0x00000043       0x44 ./Drivers/STM32F4xx_HAL_Driver/Src/stm32f4xx_hal_gpio.o
 .comment       0x00000043       0x44 ./Drivers/STM32F4xx_HAL_Driver/Src/stm32f4xx_hal_rcc.o
 .comment       0x00000043       0x44 ./Drivers/STM32F4xx_HAL_Driver/Src/stm32f4xx_hal_rcc_ex.o
 .comment       0x00000043       0x44 ./Drivers/STM32F4xx_HAL_Driver/Src/stm32f4xx_hal_spi.o
 .comment       0x00000043       0x44 ./Drivers/STM32F4xx_HAL_Driver/Src/stm32f4xx_hal_tim.o
 .comment       0x00000043       0x44 ./Drivers/STM32F4xx_HAL_Driver/Src/stm32f4xx_hal_tim_ex.o
 .comment       0x00000043       0x44 ./Drivers/STM32F4xx_HAL_Driver/Src/stm32f4xx_hal_uart.o

.debug_frame    0x00000000     0x4550
 .debug_frame   0x00000000      0x428 ./Core/Src/SpiDevice.o
 .debug_frame   0x00000428      0x150 ./Core/Src/Timer.o
 .debug_frame   0x00000578      0x35c ./Core/Src/main.o
 .debug_frame   0x000008d4      0x110 ./Core/Src/stm32f4xx_hal_msp.o
 .debug_frame   0x000009e4      0x1cc ./Core/Src/stm32f4xx_it.o
 .debug_frame   0x00000bb0       0x58 ./Core/Src/system_stm32f4xx.o
 .debug_frame   0x00000c08      0x374 ./Drivers/STM32F4xx_HAL_Driver/Src/stm32f4xx_hal.o
 .debug_frame   0x00000f7c      0x4b8 ./Drivers/STM32F4xx_HAL_Driver/Src/stm32f4xx_hal_cortex.o
 .debug_frame   0x00001434      0x250 ./Drivers/STM32F4xx_HAL_Driver/Src/stm32f4xx_hal_dma.o
 .debug_frame   0x00001684      0x14c ./Drivers/STM32F4xx_HAL_Driver/Src/stm32f4xx_hal_gpio.o
 .debug_frame   0x000017d0      0x1f4 ./Drivers/STM32F4xx_HAL_Driver/Src/stm32f4xx_hal_rcc.o
 .debug_frame   0x000019c4      0x16c ./Drivers/STM32F4xx_HAL_Driver/Src/stm32f4xx_hal_rcc_ex.o
 .debug_frame   0x00001b30      0x828 ./Drivers/STM32F4xx_HAL_Driver/Src/stm32f4xx_hal_spi.o
 .debug_frame   0x00002358     0x11c0 ./Drivers/STM32F4xx_HAL_Driver/Src/stm32f4xx_hal_tim.o
 .debug_frame   0x00003518      0x638 ./Drivers/STM32F4xx_HAL_Driver/Src/stm32f4xx_hal_tim_ex.o
 .debug_frame   0x00003b50      0x954 ./Drivers/STM32F4xx_HAL_Driver/Src/stm32f4xx_hal_uart.o
 .debug_frame   0x000044a4       0x20 C:/ST/STM32CubeIDE_1.12.1/STM32CubeIDE/plugins/com.st.stm32cube.ide.mcu.externaltools.gnu-tools-for-stm32.12.3.rel1.win32_1.0.100.202403111256/tools/bin/../lib/gcc/arm-none-eabi/12.3.1/../../../../arm-none-eabi/lib/thumb/v7e-m+fp/hard\libc_nano.a(libc_a-memset.o)
 .debug_frame   0x000044c4       0x2c C:/ST/STM32CubeIDE_1.12.1/STM32CubeIDE/plugins/com.st.stm32cube.ide.mcu.externaltools.gnu-tools-for-stm32.12.3.rel1.win32_1.0.100.202403111256/tools/bin/../lib/gcc/arm-none-eabi/12.3.1/../../../../arm-none-eabi/lib/thumb/v7e-m+fp/hard\libc_nano.a(libc_a-init.o)
 .debug_frame   0x000044f0       0x2c C:/ST/STM32CubeIDE_1.12.1/STM32CubeIDE/plugins/com.st.stm32cube.ide.mcu.externaltools.gnu-tools-for-stm32.12.3.rel1.win32_1.0.100.202403111256/tools/bin/../lib/gcc/arm-none-eabi/12.3.1/thumb/v7e-m+fp/hard\libgcc.a(_aeabi_uldivmod.o)
 .debug_frame   0x0000451c       0x34 C:/ST/STM32CubeIDE_1.12.1/STM32CubeIDE/plugins/com.st.stm32cube.ide.mcu.externaltools.gnu-tools-for-stm32.12.3.rel1.win32_1.0.100.202403111256/tools/bin/../lib/gcc/arm-none-eabi/12.3.1/thumb/v7e-m+fp/hard\libgcc.a(_udivmoddi4.o)

.debug_line_str
                0x00000000       0x50
 .debug_line_str
                0x00000000       0x50 ./Core/Startup/startup_stm32f413rgtx.o
