../Core/Src/main.cpp:70:6:void spiDeviceInit()	8	static
../Core/Src/main.cpp:91:6:void spiTxRx()	24	static
../Core/Src/main.cpp:120:6:void HAL_SPI_TxRxCpltCallback(SPI_HandleTypeDef*)	16	static
../Core/Src/main.cpp:124:6:void HAL_SPI_ErrorCallback(SPI_HandleTypeDef*)	16	static
../Core/Src/main.cpp:128:6:void processSpiRxData()	16	static
../Core/Src/main.cpp:148:6:void HAL_IncTick()	4	static
../Core/Src/main.cpp:154:6:void setUartSendNeededOnTimeEvent()	16	static
../Core/Src/main.cpp:168:6:void afterEventTimPeriodElapsed()	16	static
../Core/Src/main.cpp:194:6:void uartTx()	16	static
../Core/Src/main.cpp:228:6:void HAL_UART_TxCpltCallback(UART_HandleTypeDef*)	16	static
../Core/Src/main.cpp:233:6:void uartRx()	8	static
../Core/Src/main.cpp:243:6:void HAL_UART_RxCpltCallback(UART_HandleTypeDef*)	16	static
../Core/Src/main.cpp:248:6:void uartRxTimElapsed()	8	static
../Core/Src/main.cpp:261:6:void HAL_UART_ErrorCallback(UART_HandleTypeDef*)	32	static
../Core/Src/main.cpp:270:6:void processUartRxBuff()	16	static
../Core/Src/main.cpp:288:5:int main()	8	static
../Core/Src/main.cpp:321:6:void SystemClock_Config()	88	static
../Core/Src/main.cpp:372:13:void MX_SPI1_Init()	8	static
../Core/Src/main.cpp:410:13:void MX_TIM6_Init()	16	static
../Core/Src/main.cpp:448:13:void MX_UART5_Init()	8	static
../Core/Src/main.cpp:479:13:void MX_DMA_Init()	16	static
../Core/Src/main.cpp:507:13:void MX_GPIO_Init()	48	static
../Core/Src/main.cpp:593:6:void Error_Handler()	4	static,ignoring_inline_asm
../Core/Src/main.cpp:602:1:void __static_initialization_and_destruction_0(int, int)	24	static
../Core/Src/main.cpp:602:1:cpp)	8	static
