../Core/Src/main.cpp:64:6:void spiDeviceInit()	8	static
../Core/Src/main.cpp:85:6:void spiTxRx()	24	static
../Core/Src/main.cpp:113:6:void HAL_SPI_TxRxCpltCallback(SPI_HandleTypeDef*)	16	static
../Core/Src/main.cpp:117:6:void HAL_SPI_ErrorCallback(SPI_HandleTypeDef*)	16	static
../Core/Src/main.cpp:121:6:void processSpiRxData()	16	static
../Core/Src/main.cpp:148:6:void setUartSendNeededOnTimeEvent()	16	static
../Core/Src/main.cpp:162:6:void HAL_IncTick()	4	static
../Core/Src/main.cpp:168:6:void uartTx()	16	static
../Core/Src/main.cpp:198:6:void HAL_UART_TxCpltCallback(UART_HandleTypeDef*)	16	static
../Core/Src/main.cpp:202:6:void uartRx()	8	static
../Core/Src/main.cpp:212:6:void HAL_UART_RxCpltCallback(UART_HandleTypeDef*)	16	static
../Core/Src/main.cpp:216:6:void HAL_UART_ErrorCallback(UART_HandleTypeDef*)	32	static
../Core/Src/main.cpp:225:6:void processUartRxBuff()	16	static
../Core/Src/main.cpp:245:5:int main()	8	static
../Core/Src/main.cpp:271:6:void SystemClock_Config()	88	static
../Core/Src/main.cpp:322:13:void MX_SPI1_Init()	8	static
../Core/Src/main.cpp:360:13:void MX_UART5_Init()	8	static
../Core/Src/main.cpp:391:13:void MX_DMA_Init()	16	static
../Core/Src/main.cpp:419:13:void MX_GPIO_Init()	48	static
../Core/Src/main.cpp:505:6:void Error_Handler()	4	static,ignoring_inline_asm
../Core/Src/main.cpp:514:1:void __static_initialization_and_destruction_0(int, int)	24	static
../Core/Src/main.cpp:514:1:cpp)	8	static
